Archive member included to satisfy reference by file (symbol)

c:/st/stm32cubeide_1.10.1/stm32cubeide/plugins/com.st.stm32cube.ide.mcu.externaltools.gnu-tools-for-stm32.10.3-2021.10.win32_1.0.0.202111181127/tools/bin/../lib/gcc/arm-none-eabi/10.3.1/../../../../arm-none-eabi/lib/thumb/v7-m/nofp\libc_nano.a(lib_a-errno.o)
                              ./Core/Src/syscalls.o (__errno)
c:/st/stm32cubeide_1.10.1/stm32cubeide/plugins/com.st.stm32cube.ide.mcu.externaltools.gnu-tools-for-stm32.10.3-2021.10.win32_1.0.0.202111181127/tools/bin/../lib/gcc/arm-none-eabi/10.3.1/../../../../arm-none-eabi/lib/thumb/v7-m/nofp\libc_nano.a(lib_a-exit.o)
                              c:/st/stm32cubeide_1.10.1/stm32cubeide/plugins/com.st.stm32cube.ide.mcu.externaltools.gnu-tools-for-stm32.10.3-2021.10.win32_1.0.0.202111181127/tools/bin/../lib/gcc/arm-none-eabi/10.3.1/../../../../arm-none-eabi/lib/thumb/v7-m/nofp/crt0.o (exit)
c:/st/stm32cubeide_1.10.1/stm32cubeide/plugins/com.st.stm32cube.ide.mcu.externaltools.gnu-tools-for-stm32.10.3-2021.10.win32_1.0.0.202111181127/tools/bin/../lib/gcc/arm-none-eabi/10.3.1/../../../../arm-none-eabi/lib/thumb/v7-m/nofp\libc_nano.a(lib_a-impure.o)
                              c:/st/stm32cubeide_1.10.1/stm32cubeide/plugins/com.st.stm32cube.ide.mcu.externaltools.gnu-tools-for-stm32.10.3-2021.10.win32_1.0.0.202111181127/tools/bin/../lib/gcc/arm-none-eabi/10.3.1/../../../../arm-none-eabi/lib/thumb/v7-m/nofp\libc_nano.a(lib_a-exit.o) (_global_impure_ptr)
c:/st/stm32cubeide_1.10.1/stm32cubeide/plugins/com.st.stm32cube.ide.mcu.externaltools.gnu-tools-for-stm32.10.3-2021.10.win32_1.0.0.202111181127/tools/bin/../lib/gcc/arm-none-eabi/10.3.1/../../../../arm-none-eabi/lib/thumb/v7-m/nofp\libc_nano.a(lib_a-init.o)
                              c:/st/stm32cubeide_1.10.1/stm32cubeide/plugins/com.st.stm32cube.ide.mcu.externaltools.gnu-tools-for-stm32.10.3-2021.10.win32_1.0.0.202111181127/tools/bin/../lib/gcc/arm-none-eabi/10.3.1/../../../../arm-none-eabi/lib/thumb/v7-m/nofp/crt0.o (__libc_init_array)
c:/st/stm32cubeide_1.10.1/stm32cubeide/plugins/com.st.stm32cube.ide.mcu.externaltools.gnu-tools-for-stm32.10.3-2021.10.win32_1.0.0.202111181127/tools/bin/../lib/gcc/arm-none-eabi/10.3.1/../../../../arm-none-eabi/lib/thumb/v7-m/nofp\libc_nano.a(lib_a-memset.o)
                              c:/st/stm32cubeide_1.10.1/stm32cubeide/plugins/com.st.stm32cube.ide.mcu.externaltools.gnu-tools-for-stm32.10.3-2021.10.win32_1.0.0.202111181127/tools/bin/../lib/gcc/arm-none-eabi/10.3.1/../../../../arm-none-eabi/lib/thumb/v7-m/nofp/crt0.o (memset)
c:/st/stm32cubeide_1.10.1/stm32cubeide/plugins/com.st.stm32cube.ide.mcu.externaltools.gnu-tools-for-stm32.10.3-2021.10.win32_1.0.0.202111181127/tools/bin/../lib/gcc/arm-none-eabi/10.3.1/../../../../arm-none-eabi/lib/thumb/v7-m/nofp\libc_nano.a(lib_a-sprintf.o)
                              ./Core/Src/main.o (sprintf)
c:/st/stm32cubeide_1.10.1/stm32cubeide/plugins/com.st.stm32cube.ide.mcu.externaltools.gnu-tools-for-stm32.10.3-2021.10.win32_1.0.0.202111181127/tools/bin/../lib/gcc/arm-none-eabi/10.3.1/../../../../arm-none-eabi/lib/thumb/v7-m/nofp\libc_nano.a(lib_a-strlen.o)
                              ./Core/Src/main.o (strlen)
c:/st/stm32cubeide_1.10.1/stm32cubeide/plugins/com.st.stm32cube.ide.mcu.externaltools.gnu-tools-for-stm32.10.3-2021.10.win32_1.0.0.202111181127/tools/bin/../lib/gcc/arm-none-eabi/10.3.1/../../../../arm-none-eabi/lib/thumb/v7-m/nofp\libc_nano.a(lib_a-vsnprintf.o)
                              ./Core/Src/main.o (vsnprintf)
c:/st/stm32cubeide_1.10.1/stm32cubeide/plugins/com.st.stm32cube.ide.mcu.externaltools.gnu-tools-for-stm32.10.3-2021.10.win32_1.0.0.202111181127/tools/bin/../lib/gcc/arm-none-eabi/10.3.1/../../../../arm-none-eabi/lib/thumb/v7-m/nofp\libc_nano.a(lib_a-nano-svfprintf.o)
                              c:/st/stm32cubeide_1.10.1/stm32cubeide/plugins/com.st.stm32cube.ide.mcu.externaltools.gnu-tools-for-stm32.10.3-2021.10.win32_1.0.0.202111181127/tools/bin/../lib/gcc/arm-none-eabi/10.3.1/../../../../arm-none-eabi/lib/thumb/v7-m/nofp\libc_nano.a(lib_a-sprintf.o) (_svfprintf_r)
c:/st/stm32cubeide_1.10.1/stm32cubeide/plugins/com.st.stm32cube.ide.mcu.externaltools.gnu-tools-for-stm32.10.3-2021.10.win32_1.0.0.202111181127/tools/bin/../lib/gcc/arm-none-eabi/10.3.1/../../../../arm-none-eabi/lib/thumb/v7-m/nofp\libc_nano.a(lib_a-nano-vfprintf_i.o)
                              c:/st/stm32cubeide_1.10.1/stm32cubeide/plugins/com.st.stm32cube.ide.mcu.externaltools.gnu-tools-for-stm32.10.3-2021.10.win32_1.0.0.202111181127/tools/bin/../lib/gcc/arm-none-eabi/10.3.1/../../../../arm-none-eabi/lib/thumb/v7-m/nofp\libc_nano.a(lib_a-nano-svfprintf.o) (_printf_i)
c:/st/stm32cubeide_1.10.1/stm32cubeide/plugins/com.st.stm32cube.ide.mcu.externaltools.gnu-tools-for-stm32.10.3-2021.10.win32_1.0.0.202111181127/tools/bin/../lib/gcc/arm-none-eabi/10.3.1/../../../../arm-none-eabi/lib/thumb/v7-m/nofp\libc_nano.a(lib_a-memchr-stub.o)
[...]
Memory Configuration

Name             Origin             Length             Attributes
RAM              0x0000000020000000 0x0000000000005000 xrw
FLASH            0x0000000008000000 0x0000000000020000 xr
*default*        0x0000000000000000 0xffffffffffffffff

Linker script and memory map

LOAD c:/st/stm32cubeide_1.10.1/stm32cubeide/plugins/com.st.stm32cube.ide.mcu.externaltools.gnu-tools-for-stm32.10.3-2021.10.win32_1.0.0.202111181127/tools/bin/../lib/gcc/arm-none-eabi/10.3.1/thumb/v7-m/nofp/crti.o
LOAD c:/st/stm32cubeide_1.10.1/stm32cubeide/plugins/com.st.stm32cube.ide.mcu.externaltools.gnu-tools-for-stm32.10.3-2021.10.win32_1.0.0.202111181127/tools/bin/../lib/gcc/arm-none-eabi/10.3.1/thumb/v7-m/nofp/crtbegin.o
LOAD c:/st/stm32cubeide_1.10.1/stm32cubeide/plugins/com.st.stm32cube.ide.mcu.externaltools.gnu-tools-for-stm32.10.3-2021.10.win32_1.0.0.202111181127/tools/bin/../lib/gcc/arm-none-eabi/10.3.1/../../../../arm-none-eabi/lib/thumb/v7-m/nofp/crt0.o
LOAD ./Core/Src/main.o
LOAD ./Core/Src/stm32f1xx_hal_msp.o
LOAD ./Core/Src/stm32f1xx_it.o
LOAD ./Core/Src/syscalls.o
LOAD ./Core/Src/sysmem.o
LOAD ./Core/Src/system_stm32f1xx.o
LOAD ./Core/Startup/startup_stm32f103vbtx.o
LOAD ./Drivers/STM32F1xx_HAL_Driver/Src/stm32f1xx_hal.o
LOAD ./Drivers/STM32F1xx_HAL_Driver/Src/stm32f1xx_hal_adc.o
LOAD ./Drivers/STM32F1xx_HAL_Driver/Src/stm32f1xx_hal_adc_ex.o
LOAD ./Drivers/STM32F1xx_HAL_Driver/Src/stm32f1xx_hal_cortex.o
LOAD ./Drivers/STM32F1xx_HAL_Driver/Src/stm32f1xx_hal_dma.o
LOAD ./Drivers/STM32F1xx_HAL_Driver/Src/stm32f1xx_hal_exti.o
LOAD ./Drivers/STM32F1xx_HAL_Driver/Src/stm32f1xx_hal_flash.o
LOAD ./Drivers/STM32F1xx_HAL_Driver/Src/stm32f1xx_hal_flash_ex.o
LOAD ./Drivers/STM32F1xx_HAL_Driver/Src/stm32f1xx_hal_gpio.o
LOAD ./Drivers/STM32F1xx_HAL_Driver/Src/stm32f1xx_hal_gpio_ex.o
LOAD ./Drivers/STM32F1xx_HAL_Driver/Src/stm32f1xx_hal_pwr.o
LOAD ./Drivers/STM32F1xx_HAL_Driver/Src/stm32f1xx_hal_rcc.o
LOAD ./Drivers/STM32F1xx_HAL_Driver/Src/stm32f1xx_hal_rcc_ex.o
LOAD ./Drivers/STM32F1xx_HAL_Driver/Src/stm32f1xx_hal_spi.o
LOAD ./Drivers/STM32F1xx_HAL_Driver/Src/stm32f1xx_hal_tim.o
LOAD ./Drivers/STM32F1xx_HAL_Driver/Src/stm32f1xx_hal_tim_ex.o
LOAD ./FATFS/App/fatfs.o
LOAD ./FATFS/Target/user_diskio.o
LOAD ./FATFS/Target/user_diskio_spi.o
LOAD ./Middlewares/Third_Party/FatFs/src/diskio.o
LOAD ./Middlewares/Third_Party/FatFs/src/ff.o
LOAD ./Middlewares/Third_Party/FatFs/src/ff_gen_drv.o
LOAD ./Middlewares/Third_Party/FatFs/src/option/syscall.o
START GROUP
LOAD c:/st/stm32cubeide_1.10.1/stm32cubeide/plugins/com.st.stm32cube.ide.mcu.externaltools.gnu-tools-for-stm32.10.3-2021.10.win32_1.0.0.202111181127/tools/bin/../lib/gcc/arm-none-eabi/10.3.1/../../../../arm-none-eabi/lib/thumb/v7-m/nofp\libstdc++_nano.a
LOAD c:/st/stm32cubeide_1.10.1/stm32cubeide/plugins/com.st.stm32cube.ide.mcu.externaltools.gnu-tools-for-stm32.10.3-2021.10.win32_1.0.0.202111181127/tools/bin/../lib/gcc/arm-none-eabi/10.3.1/../../../../arm-none-eabi/lib/thumb/v7-m/nofp\libsupc++_nano.a
END GROUP
LOAD c:/st/stm32cubeide_1.10.1/stm32cubeide/plugins/com.st.stm32cube.ide.mcu.externaltools.gnu-tools-for-stm32.10.3-2021.10.win32_1.0.0.202111181127/tools/bin/../lib/gcc/arm-none-eabi/10.3.1/../../../../arm-none-eabi/lib/thumb/v7-m/nofp\libstdc++_nano.a
LOAD c:/st/stm32cubeide_1.10.1/stm32cubeide/plugins/com.st.stm32cube.ide.mcu.externaltools.gnu-tools-for-stm32.10.3-2021.10.win32_1.0.0.202111181127/tools/bin/../lib/gcc/arm-none-eabi/10.3.1/../../../../arm-none-eabi/lib/thumb/v7-m/nofp\libm.a
LOAD c:/st/stm32cubeide_1.10.1/stm32cubeide/plugins/com.st.stm32cube.ide.mcu.externaltools.gnu-tools-for-stm32.10.3-2021.10.win32_1.0.0.202111181127/tools/bin/../lib/gcc/arm-none-eabi/10.3.1/../../../../arm-none-eabi/lib/thumb/v7-m/nofp\libc_nano.a
START GROUP
LOAD c:/st/stm32cubeide_1.10.1/stm32cubeide/plugins/com.st.stm32cube.ide.mcu.externaltools.gnu-tools-for-stm32.10.3-2021.10.win32_1.0.0.202111181127/tools/bin/../lib/gcc/arm-none-eabi/10.3.1/thumb/v7-m/nofp\libgcc.a
LOAD c:/st/stm32cubeide_1.10.1/stm32cubeide/plugins/com.st.stm32cube.ide.mcu.externaltools.gnu-tools-for-stm32.10.3-2021.10.win32_1.0.0.202111181127/tools/bin/../lib/gcc/arm-none-eabi/10.3.1/../../../../arm-none-eabi/lib/thumb/v7-m/nofp\libc_nano.a
END GROUP
START GROUP
LOAD c:/st/stm32cubeide_1.10.1/stm32cubeide/plugins/com.st.stm32cube.ide.mcu.externaltools.gnu-tools-for-stm32.10.3-2021.10.win32_1.0.0.202111181127/tools/bin/../lib/gcc/arm-none-eabi/10.3.1/thumb/v7-m/nofp\libgcc.a
LOAD c:/st/stm32cubeide_1.10.1/stm32cubeide/plugins/com.st.stm32cube.ide.mcu.externaltools.gnu-tools-for-stm32.10.3-2021.10.win32_1.0.0.202111181127/tools/bin/../lib/gcc/arm-none-eabi/10.3.1/../../../../arm-none-eabi/lib/thumb/v7-m/nofp\libc_nano.a
LOAD c:/st/stm32cubeide_1.10.1/stm32cubeide/plugins/com.st.stm32cube.ide.mcu.externaltools.gnu-tools-for-stm32.10.3-2021.10.win32_1.0.0.202111181127/tools/bin/../lib/gcc/arm-none-eabi/10.3.1/../../../../arm-none-eabi/lib/thumb/v7-m/nofp\libnosys.a
END GROUP
START GROUP
LOAD c:/st/stm32cubeide_1.10.1/stm32cubeide/plugins/com.st.stm32cube.ide.mcu.externaltools.gnu-tools-for-stm32.10.3-2021.10.win32_1.0.0.202111181127/tools/bin/../lib/gcc/arm-none-eabi/10.3.1/thumb/v7-m/nofp\libgcc.a
LOAD c:/st/stm32cubeide_1.10.1/stm32cubeide/plugins/com.st.stm32cube.ide.mcu.externaltools.gnu-tools-for-stm32.10.3-2021.10.win32_1.0.0.202111181127/tools/bin/../lib/gcc/arm-none-eabi/10.3.1/../../../../arm-none-eabi/lib/thumb/v7-m/nofp\libc_nano.a
LOAD c:/st/stm32cubeide_1.10.1/stm32cubeide/plugins/com.st.stm32cube.ide.mcu.externaltools.gnu-tools-for-stm32.10.3-2021.10.win32_1.0.0.202111181127/tools/bin/../lib/gcc/arm-none-eabi/10.3.1/../../../../arm-none-eabi/lib/thumb/v7-m/nofp\libnosys.a
END GROUP
LOAD c:/st/stm32cubeide_1.10.1/stm32cubeide/plugins/com.st.stm32cube.ide.mcu.externaltools.gnu-tools-for-stm32.10.3-2021.10.win32_1.0.0.202111181127/tools/bin/../lib/gcc/arm-none-eabi/10.3.1/thumb/v7-m/nofp/crtend.o
LOAD c:/st/stm32cubeide_1.10.1/stm32cubeide/plugins/com.st.stm32cube.ide.mcu.externaltools.gnu-tools-for-stm32.10.3-2021.10.win32_1.0.0.202111181127/tools/bin/../lib/gcc/arm-none-eabi/10.3.1/thumb/v7-m/nofp/crtn.o
                0x0000000020005000                _estack = (ORIGIN (RAM) + LENGTH (RAM))
                0x0000000000000200                _Min_Heap_Size = 0x200
                0x0000000000000400                _Min_Stack_Size = 0x400

.isr_vector     0x0000000008000000      0x10c
                0x0000000008000000                . = ALIGN (0x4)
 *(.isr_vector)
 .isr_vector    0x0000000008000000      0x10c ./Core/Startup/startup_stm32f103vbtx.o
                0x0000000008000000                g_pfnVectors
                0x000000000800010c                . = ALIGN (0x4)

.text           0x000000000800010c     0x6d8c
                0x000000000800010c                . = ALIGN (0x4)
 *(.text)
 .text          0x000000000800010c       0x40 c:/st/stm32cubeide_1.10.1/stm32cubeide/plugins/com.st.stm32cube.ide.mcu.externaltools.gnu-tools-for-stm32.10.3-2021.10.win32_1.0.0.202111181127/tools/bin/../lib/gcc/arm-none-eabi/10.3.1/thumb/v7-m/nofp/crtbegin.o
 .text          0x000000000800014c       0x10 c:/st/stm32cubeide_1.10.1/stm32cubeide/plugins/com.st.stm32cube.ide.mcu.externaltools.gnu-tools-for-stm32.10.3-2021.10.win32_1.0.0.202111181127/tools/bin/../lib/gcc/arm-none-eabi/10.3.1/../../../../arm-none-eabi/lib/thumb/v7-m/nofp\libc_nano.a(lib_a-strlen.o)
                0x000000000800014c                strlen
 .text          0x000000000800015c      0x21c c:/st/stm32cubeide_1.10.1/stm32cubeide/plugins/com.st.stm32cube.ide.mcu.externaltools.gnu-tools-for-stm32.10.3-2021.10.win32_1.0.0.202111181127/tools/bin/../lib/gcc/arm-none-eabi/10.3.1/thumb/v7-m/nofp\libgcc.a(_arm_addsubsf3.o)
                0x000000000800015c                __aeabi_frsub
                0x0000000008000164                __subsf3
                0x0000000008000164                __aeabi_fsub
                0x0000000008000168                __aeabi_fadd
                0x0000000008000168                __addsf3
                0x00000000080002c8                __aeabi_ui2f
                0x00000000080002c8                __floatunsisf
                0x00000000080002d0                __aeabi_i2f
                0x00000000080002d0                __floatsisf
                0x00000000080002ec                __aeabi_ul2f
                0x00000000080002ec                __floatundisf
                0x00000000080002fc                __aeabi_l2f
                0x00000000080002fc                __floatdisf
 .text          0x0000000008000378      0x2a0 c:/st/stm32cubeide_1.10.1/stm32cubeide/plugins/com.st.stm32cube.ide.mcu.externaltools.gnu-tools-for-stm32.10.3-2021.10.win32_1.0.0.202111181127/tools/bin/../lib/gcc/arm-none-eabi/10.3.1/thumb/v7-m/nofp\libgcc.a(_arm_muldivsf3.o)
                0x0000000008000378                __mulsf3
                0x0000000008000378                __aeabi_fmul
                0x00000000080004e0                __aeabi_fdiv
                0x00000000080004e0                __divsf3
 .text          0x0000000008000618       0x40 c:/st/stm32cubeide_1.10.1/stm32cubeide/plugins/com.st.stm32cube.ide.mcu.externaltools.gnu-tools-for-stm32.10.3-2021.10.win32_1.0.0.202111181127/tools/bin/../lib/gcc/arm-none-eabi/10.3.1/thumb/v7-m/nofp\libgcc.a(_arm_fixunssfsi.o)
                0x0000000008000618                __fixunssfsi
                0x0000000008000618                __aeabi_f2uiz
 *(.text*)
 .text.main     0x0000000008000658      0x3d0 ./Core/Src/main.o
                0x0000000008000658                main
 .text.SystemClock_Config
                0x0000000008000a28       0xa0 ./Core/Src/main.o
                0x0000000008000a28                SystemClock_Config
 .text.MX_ADC1_Init
                0x0000000008000ac8       0xd4 ./Core/Src/main.o
 .text.MX_SPI2_Init
                0x0000000008000b9c       0x6c ./Core/Src/main.o
 .text.MX_GPIO_Init
                0x0000000008000c08      0x138 ./Core/Src/main.o
 .text.MAP      0x0000000008000d40       0x56 ./Core/Src/main.o
                0x0000000008000d40                MAP
 *fill*         0x0000000008000d96        0x2 
 .text.select_ch10
                0x0000000008000d98       0x3c ./Core/Src/main.o
 .text.select_ch11
                0x0000000008000dd4       0x38 ./Core/Src/main.o
 .text.select_ch12
                0x0000000008000e0c       0x38 ./Core/Src/main.o
 .text.myprintf
                0x0000000008000e44       0x38 ./Core/Src/main.o
                0x0000000008000e44                myprintf
 .text.Error_Handler
                0x0000000008000e7c       0x1c ./Core/Src/main.o
                0x0000000008000e7c                Error_Handler
 .text.HAL_MspInit
                0x0000000008000e98       0x64 ./Core/Src/stm32f1xx_hal_msp.o
                0x0000000008000e98                HAL_MspInit
 .text.HAL_ADC_MspInit
                0x0000000008000efc       0x78 ./Core/Src/stm32f1xx_hal_msp.o
                0x0000000008000efc                HAL_ADC_MspInit
 .text.HAL_SPI_MspInit
                0x0000000008000f74       0x98 ./Core/Src/stm32f1xx_hal_msp.o
                0x0000000008000f74                HAL_SPI_MspInit
 .text.NMI_Handler
                0x000000000800100c        0x6 ./Core/Src/stm32f1xx_it.o
                0x000000000800100c                NMI_Handler
 .text.HardFault_Handler
                0x0000000008001012        0x6 ./Core/Src/stm32f1xx_it.o
                0x0000000008001012                HardFault_Handler
 .text.MemManage_Handler
                0x0000000008001018        0x6 ./Core/Src/stm32f1xx_it.o
                0x0000000008001018                MemManage_Handler
 .text.BusFault_Handler
                0x000000000800101e        0x6 ./Core/Src/stm32f1xx_it.o
                0x000000000800101e                BusFault_Handler
 .text.UsageFault_Handler
                0x0000000008001024        0x6 ./Core/Src/stm32f1xx_it.o
                0x0000000008001024                UsageFault_Handler
 .text.SVC_Handler
                0x000000000800102a        0xc ./Core/Src/stm32f1xx_it.o
                0x000000000800102a                SVC_Handler
 .text.DebugMon_Handler
                0x0000000008001036        0xc ./Core/Src/stm32f1xx_it.o
                0x0000000008001036                DebugMon_Handler
 .text.PendSV_Handler
                0x0000000008001042        0xc ./Core/Src/stm32f1xx_it.o
                0x0000000008001042                PendSV_Handler
 .text.SysTick_Handler
                0x000000000800104e        0xc ./Core/Src/stm32f1xx_it.o
                0x000000000800104e                SysTick_Handler
 *fill*         0x000000000800105a        0x2 
 .text._sbrk    0x000000000800105c       0x6c ./Core/Src/sysmem.o
                0x000000000800105c                _sbrk
 .text.SystemInit
                0x00000000080010c8        0xc ./Core/Src/system_stm32f1xx.o
                0x00000000080010c8                SystemInit
 .text.Reset_Handler
                0x00000000080010d4       0x48 ./Core/Startup/startup_stm32f103vbtx.o
                0x00000000080010d4                Reset_Handler
 .text.Default_Handler
                0x000000000800111c        0x2 ./Core/Startup/startup_stm32f103vbtx.o
                0x000000000800111c                RTC_Alarm_IRQHandler
                0x000000000800111c                EXTI2_IRQHandler
                0x000000000800111c                TIM1_CC_IRQHandler
                0x000000000800111c                PVD_IRQHandler
                0x000000000800111c                EXTI3_IRQHandler
                0x000000000800111c                EXTI0_IRQHandler
                0x000000000800111c                I2C2_EV_IRQHandler
                0x000000000800111c                ADC1_2_IRQHandler
                0x000000000800111c                SPI1_IRQHandler
                0x000000000800111c                TAMPER_IRQHandler
                0x000000000800111c                DMA1_Channel4_IRQHandler
                0x000000000800111c                USART3_IRQHandler
                0x000000000800111c                RTC_IRQHandler
                0x000000000800111c                DMA1_Channel7_IRQHandler
                0x000000000800111c                CAN1_RX1_IRQHandler
                0x000000000800111c                TIM4_IRQHandler
                0x000000000800111c                I2C1_EV_IRQHandler
                0x000000000800111c                DMA1_Channel6_IRQHandler
                0x000000000800111c                TIM3_IRQHandler
                0x000000000800111c                RCC_IRQHandler
                0x000000000800111c                TIM1_TRG_COM_IRQHandler
                0x000000000800111c                DMA1_Channel1_IRQHandler
                0x000000000800111c                Default_Handler
                0x000000000800111c                EXTI15_10_IRQHandler
                0x000000000800111c                EXTI9_5_IRQHandler
                0x000000000800111c                SPI2_IRQHandler
                0x000000000800111c                DMA1_Channel5_IRQHandler
                0x000000000800111c                EXTI4_IRQHandler
                0x000000000800111c                USB_LP_CAN1_RX0_IRQHandler
                0x000000000800111c                USB_HP_CAN1_TX_IRQHandler
                0x000000000800111c                DMA1_Channel3_IRQHandler
                0x000000000800111c                TIM1_UP_IRQHandler
                0x000000000800111c                WWDG_IRQHandler
                0x000000000800111c                TIM2_IRQHandler
                0x000000000800111c                TIM1_BRK_IRQHandler
                0x000000000800111c                EXTI1_IRQHandler
                0x000000000800111c                USART2_IRQHandler
                0x000000000800111c                I2C2_ER_IRQHandler
                0x000000000800111c                DMA1_Channel2_IRQHandler
                0x000000000800111c                CAN1_SCE_IRQHandler
                0x000000000800111c                FLASH_IRQHandler
                0x000000000800111c                USART1_IRQHandler
                0x000000000800111c                I2C1_ER_IRQHandler
                0x000000000800111c                USBWakeUp_IRQHandler
 *fill*         0x000000000800111e        0x2 
 .text.HAL_Init
                0x0000000008001120       0x2c ./Drivers/STM32F1xx_HAL_Driver/Src/stm32f1xx_hal.o
                0x0000000008001120                HAL_Init
 .text.HAL_InitTick
                0x000000000800114c       0x60 ./Drivers/STM32F1xx_HAL_Driver/Src/stm32f1xx_hal.o
                0x000000000800114c                HAL_InitTick
 .text.HAL_IncTick
                0x00000000080011ac       0x24 ./Drivers/STM32F1xx_HAL_Driver/Src/stm32f1xx_hal.o
                0x00000000080011ac                HAL_IncTick
 .text.HAL_GetTick
                0x00000000080011d0       0x14 ./Drivers/STM32F1xx_HAL_Driver/Src/stm32f1xx_hal.o
                0x00000000080011d0                HAL_GetTick
 .text.HAL_Delay
                0x00000000080011e4       0x48 ./Drivers/STM32F1xx_HAL_Driver/Src/stm32f1xx_hal.o
                0x00000000080011e4                HAL_Delay
 .text.HAL_ADC_Init
                0x000000000800122c      0x1b0 ./Drivers/STM32F1xx_HAL_Driver/Src/stm32f1xx_hal_adc.o
                0x000000000800122c                HAL_ADC_Init
 .text.HAL_ADC_Start
                0x00000000080013dc      0x15c ./Drivers/STM32F1xx_HAL_Driver/Src/stm32f1xx_hal_adc.o
                0x00000000080013dc                HAL_ADC_Start
 .text.HAL_ADC_Stop
                0x0000000008001538       0x58 ./Drivers/STM32F1xx_HAL_Driver/Src/stm32f1xx_hal_adc.o
                0x0000000008001538                HAL_ADC_Stop
 .text.HAL_ADC_PollForConversion
                0x0000000008001590      0x20c ./Drivers/STM32F1xx_HAL_Driver/Src/stm32f1xx_hal_adc.o
                0x0000000008001590                HAL_ADC_PollForConversion
 .text.HAL_ADC_GetValue
                0x000000000800179c       0x18 ./Drivers/STM32F1xx_HAL_Driver/Src/stm32f1xx_hal_adc.o
                0x000000000800179c                HAL_ADC_GetValue
 .text.HAL_ADC_ConfigChannel
                0x00000000080017b4      0x1f0 ./Drivers/STM32F1xx_HAL_Driver/Src/stm32f1xx_hal_adc.o
                0x00000000080017b4                HAL_ADC_ConfigChannel
 .text.ADC_Enable
                0x00000000080019a4       0xb4 ./Drivers/STM32F1xx_HAL_Driver/Src/stm32f1xx_hal_adc.o
                0x00000000080019a4                ADC_Enable
 .text.ADC_ConversionStop_Disable
                0x0000000008001a58       0x82 ./Drivers/STM32F1xx_HAL_Driver/Src/stm32f1xx_hal_adc.o
                0x0000000008001a58                ADC_ConversionStop_Disable
 *fill*         0x0000000008001ada        0x2 
 .text.__NVIC_SetPriorityGrouping
                0x0000000008001adc       0x48 ./Drivers/STM32F1xx_HAL_Driver/Src/stm32f1xx_hal_cortex.o
 .text.__NVIC_GetPriorityGrouping
                0x0000000008001b24       0x1c ./Drivers/STM32F1xx_HAL_Driver/Src/stm32f1xx_hal_cortex.o
 .text.__NVIC_SetPriority
                0x0000000008001b40       0x54 ./Drivers/STM32F1xx_HAL_Driver/Src/stm32f1xx_hal_cortex.o
 .text.NVIC_EncodePriority
                0x0000000008001b94       0x64 ./Drivers/STM32F1xx_HAL_Driver/Src/stm32f1xx_hal_cortex.o
 .text.SysTick_Config
                0x0000000008001bf8       0x44 ./Drivers/STM32F1xx_HAL_Driver/Src/stm32f1xx_hal_cortex.o
 .text.HAL_NVIC_SetPriorityGrouping
                0x0000000008001c3c       0x16 ./Drivers/STM32F1xx_HAL_Driver/Src/stm32f1xx_hal_cortex.o
                0x0000000008001c3c                HAL_NVIC_SetPriorityGrouping
 .text.HAL_NVIC_SetPriority
                0x0000000008001c52       0x38 ./Drivers/STM32F1xx_HAL_Driver/Src/stm32f1xx_hal_cortex.o
                0x0000000008001c52                HAL_NVIC_SetPriority
 .text.HAL_SYSTICK_Config
                0x0000000008001c8a       0x18 ./Drivers/STM32F1xx_HAL_Driver/Src/stm32f1xx_hal_cortex.o
                0x0000000008001c8a                HAL_SYSTICK_Config
 *fill*         0x0000000008001ca2        0x2 
 .text.HAL_GPIO_Init
                0x0000000008001ca4      0x308 ./Drivers/STM32F1xx_HAL_Driver/Src/stm32f1xx_hal_gpio.o
                0x0000000008001ca4                HAL_GPIO_Init
 .text.HAL_GPIO_WritePin
                0x0000000008001fac       0x30 ./Drivers/STM32F1xx_HAL_Driver/Src/stm32f1xx_hal_gpio.o
                0x0000000008001fac                HAL_GPIO_WritePin
 .text.HAL_GPIO_TogglePin
                0x0000000008001fdc       0x32 ./Drivers/STM32F1xx_HAL_Driver/Src/stm32f1xx_hal_gpio.o
                0x0000000008001fdc                HAL_GPIO_TogglePin
 *fill*         0x000000000800200e        0x2 
 .text.HAL_GPIOEx_ConfigEventout
                0x0000000008002010       0x2c ./Drivers/STM32F1xx_HAL_Driver/Src/stm32f1xx_hal_gpio_ex.o
                0x0000000008002010                HAL_GPIOEx_ConfigEventout
 .text.HAL_GPIOEx_EnableEventout
                0x000000000800203c       0x1c ./Drivers/STM32F1xx_HAL_Driver/Src/stm32f1xx_hal_gpio_ex.o
                0x000000000800203c                HAL_GPIOEx_EnableEventout
 .text.HAL_RCC_OscConfig
                0x0000000008002058      0x504 ./Drivers/STM32F1xx_HAL_Driver/Src/stm32f1xx_hal_rcc.o
                0x0000000008002058                HAL_RCC_OscConfig
 .text.HAL_RCC_ClockConfig
                0x000000000800255c      0x1d4 ./Drivers/STM32F1xx_HAL_Driver/Src/stm32f1xx_hal_rcc.o
                0x000000000800255c                HAL_RCC_ClockConfig
 .text.HAL_RCC_GetSysClockFreq
                0x0000000008002730       0xbc ./Drivers/STM32F1xx_HAL_Driver/Src/stm32f1xx_hal_rcc.o
                0x0000000008002730                HAL_RCC_GetSysClockFreq
 .text.HAL_RCC_GetHCLKFreq
                0x00000000080027ec       0x14 ./Drivers/STM32F1xx_HAL_Driver/Src/stm32f1xx_hal_rcc.o
                0x00000000080027ec                HAL_RCC_GetHCLKFreq
 .text.HAL_RCC_GetPCLK2Freq
                0x0000000008002800       0x28 ./Drivers/STM32F1xx_HAL_Driver/Src/stm32f1xx_hal_rcc.o
                0x0000000008002800                HAL_RCC_GetPCLK2Freq
 .text.RCC_Delay
                0x0000000008002828       0x3c ./Drivers/STM32F1xx_HAL_Driver/Src/stm32f1xx_hal_rcc.o
 .text.HAL_RCCEx_PeriphCLKConfig
                0x0000000008002864      0x16c ./Drivers/STM32F1xx_HAL_Driver/Src/stm32f1xx_hal_rcc_ex.o
                0x0000000008002864                HAL_RCCEx_PeriphCLKConfig
 .text.HAL_RCCEx_GetPeriphCLKFreq
                0x00000000080029d0      0x180 ./Drivers/STM32F1xx_HAL_Driver/Src/stm32f1xx_hal_rcc_ex.o
                0x00000000080029d0                HAL_RCCEx_GetPeriphCLKFreq
 .text.HAL_SPI_Init
                0x0000000008002b50      0x108 ./Drivers/STM32F1xx_HAL_Driver/Src/stm32f1xx_hal_spi.o
                0x0000000008002b50                HAL_SPI_Init
 .text.HAL_SPI_TransmitReceive
                0x0000000008002c58      0x344 ./Drivers/STM32F1xx_HAL_Driver/Src/stm32f1xx_hal_spi.o
                0x0000000008002c58                HAL_SPI_TransmitReceive
 .text.SPI_WaitFlagStateUntilTimeout
                0x0000000008002f9c      0x110 ./Drivers/STM32F1xx_HAL_Driver/Src/stm32f1xx_hal_spi.o
 .text.SPI_EndRxTxTransaction
                0x00000000080030ac       0x3c ./Drivers/STM32F1xx_HAL_Driver/Src/stm32f1xx_hal_spi.o
 .text.MX_FATFS_Init
                0x00000000080030e8       0x24 ./FATFS/App/fatfs.o
                0x00000000080030e8                MX_FATFS_Init
 .text.get_fattime
                0x000000000800310c        0xe ./FATFS/App/fatfs.o
                0x000000000800310c                get_fattime
 .text.USER_initialize
                0x000000000800311a       0x1c ./FATFS/Target/user_diskio.o
                0x000000000800311a                USER_initialize
 .text.USER_status
                0x0000000008003136       0x1c ./FATFS/Target/user_diskio.o
                0x0000000008003136                USER_status
 .text.USER_read
                0x0000000008003152       0x26 ./FATFS/Target/user_diskio.o
                0x0000000008003152                USER_read
 .text.USER_write
                0x0000000008003178       0x26 ./FATFS/Target/user_diskio.o
                0x0000000008003178                USER_write
 .text.USER_ioctl
                0x000000000800319e       0x26 ./FATFS/Target/user_diskio.o
                0x000000000800319e                USER_ioctl
 .text.SPI_Timer_On
                0x00000000080031c4       0x28 ./FATFS/Target/user_diskio_spi.o
                0x00000000080031c4                SPI_Timer_On
 .text.SPI_Timer_Status
                0x00000000080031ec       0x2c ./FATFS/Target/user_diskio_spi.o
                0x00000000080031ec                SPI_Timer_Status
 .text.xchg_spi
                0x0000000008003218       0x2c ./FATFS/Target/user_diskio_spi.o
 .text.rcvr_spi_multi
                0x0000000008003244       0x38 ./FATFS/Target/user_diskio_spi.o
 .text.xmit_spi_multi
                0x000000000800327c       0x36 ./FATFS/Target/user_diskio_spi.o
 .text.wait_ready
                0x00000000080032b2       0x46 ./FATFS/Target/user_diskio_spi.o
 .text.despiselect
                0x00000000080032f8       0x20 ./FATFS/Target/user_diskio_spi.o
 .text.spiselect
                0x0000000008003318       0x38 ./FATFS/Target/user_diskio_spi.o
 .text.rcvr_datablock
                0x0000000008003350       0x52 ./FATFS/Target/user_diskio_spi.o
 .text.xmit_datablock
                0x00000000080033a2       0x64 ./FATFS/Target/user_diskio_spi.o
 .text.send_cmd
                0x0000000008003406       0xde ./FATFS/Target/user_diskio_spi.o
 .text.USER_SPI_initialize
                0x00000000080034e4      0x1d8 ./FATFS/Target/user_diskio_spi.o
                0x00000000080034e4                USER_SPI_initialize
 .text.USER_SPI_status
                0x00000000080036bc       0x28 ./FATFS/Target/user_diskio_spi.o
                0x00000000080036bc                USER_SPI_status
 .text.USER_SPI_read
                0x00000000080036e4       0xcc ./FATFS/Target/user_diskio_spi.o
                0x00000000080036e4                USER_SPI_read
 .text.USER_SPI_write
                0x00000000080037b0       0xf8 ./FATFS/Target/user_diskio_spi.o
                0x00000000080037b0                USER_SPI_write
 .text.USER_SPI_ioctl
                0x00000000080038a8      0x2e0 ./FATFS/Target/user_diskio_spi.o
                0x00000000080038a8                USER_SPI_ioctl
 .text.disk_status
                0x0000000008003b88       0x34 ./Middlewares/Third_Party/FatFs/src/diskio.o
                0x0000000008003b88                disk_status
 .text.disk_initialize
                0x0000000008003bbc       0x4c ./Middlewares/Third_Party/FatFs/src/diskio.o
                0x0000000008003bbc                disk_initialize
 .text.disk_read
                0x0000000008003c08       0x40 ./Middlewares/Third_Party/FatFs/src/diskio.o
                0x0000000008003c08                disk_read
 .text.disk_write
                0x0000000008003c48       0x40 ./Middlewares/Third_Party/FatFs/src/diskio.o
                0x0000000008003c48                disk_write
 .text.disk_ioctl
                0x0000000008003c88       0x3c ./Middlewares/Third_Party/FatFs/src/diskio.o
                0x0000000008003c88                disk_ioctl
 .text.mem_cpy  0x0000000008003cc4       0x3c ./Middlewares/Third_Party/FatFs/src/ff.o
 .text.mem_set  0x0000000008003d00       0x34 ./Middlewares/Third_Party/FatFs/src/ff.o
 .text.mem_cmp  0x0000000008003d34       0x4c ./Middlewares/Third_Party/FatFs/src/ff.o
 .text.chk_chr  0x0000000008003d80       0x34 ./Middlewares/Third_Party/FatFs/src/ff.o
 .text.chk_lock
                0x0000000008003db4       0xd8 ./Middlewares/Third_Party/FatFs/src/ff.o
 .text.enq_lock
                0x0000000008003e8c       0x48 ./Middlewares/Third_Party/FatFs/src/ff.o
 .text.inc_lock
                0x0000000008003ed4      0x16c ./Middlewares/Third_Party/FatFs/src/ff.o
 .text.clear_lock
                0x0000000008004040       0x54 ./Middlewares/Third_Party/FatFs/src/ff.o
 .text.sync_window
                0x0000000008004094       0x92 ./Middlewares/Third_Party/FatFs/src/ff.o
 .text.move_window
                0x0000000008004126       0x5c ./Middlewares/Third_Party/FatFs/src/ff.o
 .text.sync_fs  0x0000000008004182      0x15a ./Middlewares/Third_Party/FatFs/src/ff.o
 .text.clust2sect
                0x00000000080042dc       0x42 ./Middlewares/Third_Party/FatFs/src/ff.o
                0x00000000080042dc                clust2sect
 .text.get_fat  0x000000000800431e      0x174 ./Middlewares/Third_Party/FatFs/src/ff.o
                0x000000000800431e                get_fat
 .text.put_fat  0x0000000008004492      0x21c ./Middlewares/Third_Party/FatFs/src/ff.o
                0x0000000008004492                put_fat
 .text.remove_chain
                0x00000000080046ae       0xb4 ./Middlewares/Third_Party/FatFs/src/ff.o
 .text.create_chain
                0x0000000008004762      0x13a ./Middlewares/Third_Party/FatFs/src/ff.o
 .text.clmt_clust
                0x000000000800489c       0x68 ./Middlewares/Third_Party/FatFs/src/ff.o
 .text.dir_sdi  0x0000000008004904      0x128 ./Middlewares/Third_Party/FatFs/src/ff.o
 .text.dir_next
                0x0000000008004a2c      0x1ee ./Middlewares/Third_Party/FatFs/src/ff.o
 .text.dir_alloc
                0x0000000008004c1a       0x94 ./Middlewares/Third_Party/FatFs/src/ff.o
 .text.ld_clust
                0x0000000008004cae       0x5a ./Middlewares/Third_Party/FatFs/src/ff.o
 .text.st_clust
                0x0000000008004d08       0x4c ./Middlewares/Third_Party/FatFs/src/ff.o
 .text.dir_find
                0x0000000008004d54       0x9e ./Middlewares/Third_Party/FatFs/src/ff.o
 .text.dir_register
                0x0000000008004df2       0x72 ./Middlewares/Third_Party/FatFs/src/ff.o
 .text.create_name
                0x0000000008004e64      0x180 ./Middlewares/Third_Party/FatFs/src/ff.o
 .text.follow_path
                0x0000000008004fe4       0xdc ./Middlewares/Third_Party/FatFs/src/ff.o
 .text.get_ldnumber
                0x00000000080050c0       0x86 ./Middlewares/Third_Party/FatFs/src/ff.o
 *fill*         0x0000000008005146        0x2 
 .text.check_fs
                0x0000000008005148       0xd4 ./Middlewares/Third_Party/FatFs/src/ff.o
 .text.find_volume
                0x000000000800521c      0x590 ./Middlewares/Third_Party/FatFs/src/ff.o
 .text.validate
                0x00000000080057ac       0x66 ./Middlewares/Third_Party/FatFs/src/ff.o
 *fill*         0x0000000008005812        0x2 
 .text.f_mount  0x0000000008005814       0x90 ./Middlewares/Third_Party/FatFs/src/ff.o
                0x0000000008005814                f_mount
 .text.f_open   0x00000000080058a4      0x4f2 ./Middlewares/Third_Party/FatFs/src/ff.o
                0x00000000080058a4                f_open
 .text.f_write  0x0000000008005d96      0x35a ./Middlewares/Third_Party/FatFs/src/ff.o
                0x0000000008005d96                f_write
 .text.f_sync   0x00000000080060f0      0x174 ./Middlewares/Third_Party/FatFs/src/ff.o
                0x00000000080060f0                f_sync
 .text.f_getfree
                0x0000000008006264      0x19a ./Middlewares/Third_Party/FatFs/src/ff.o
                0x0000000008006264                f_getfree
 *fill*         0x00000000080063fe        0x2 
 .text.FATFS_LinkDriverEx
                0x0000000008006400       0x94 ./Middlewares/Third_Party/FatFs/src/ff_gen_drv.o
                0x0000000008006400                FATFS_LinkDriverEx
 .text.FATFS_LinkDriver
                0x0000000008006494       0x1e ./Middlewares/Third_Party/FatFs/src/ff_gen_drv.o
                0x0000000008006494                FATFS_LinkDriver
 *fill*         0x00000000080064b2        0x2 
 .text.__errno  0x00000000080064b4        0xc c:/st/stm32cubeide_1.10.1/stm32cubeide/plugins/com.st.stm32cube.ide.mcu.externaltools.gnu-tools-for-stm32.10.3-2021.10.win32_1.0.0.202111181127/tools/bin/../lib/gcc/arm-none-eabi/10.3.1/../../../../arm-none-eabi/lib/thumb/v7-m/nofp\libc_nano.a(lib_a-errno.o)
                0x00000000080064b4                __errno
 .text.__libc_init_array
                0x00000000080064c0       0x48 c:/st/stm32cubeide_1.10.1/stm32cubeide/plugins/com.st.stm32cube.ide.mcu.externaltools.gnu-tools-for-stm32.10.3-2021.10.win32_1.0.0.202111181127/tools/bin/../lib/gcc/arm-none-eabi/10.3.1/../../../../arm-none-eabi/lib/thumb/v7-m/nofp\libc_nano.a(lib_a-init.o)
                0x00000000080064c0                __libc_init_array
 .text.memset   0x0000000008006508       0x10 c:/st/stm32cubeide_1.10.1/stm32cubeide/plugins/com.st.stm32cube.ide.mcu.externaltools.gnu-tools-for-stm32.10.3-2021.10.win32_1.0.0.202111181127/tools/bin/../lib/gcc/arm-none-eabi/10.3.1/../../../../arm-none-eabi/lib/thumb/v7-m/nofp\libc_nano.a(lib_a-memset.o)
                0x0000000008006508                memset
 .text.sprintf  0x0000000008006518       0x40 c:/st/stm32cubeide_1.10.1/stm32cubeide/plugins/com.st.stm32cube.ide.mcu.externaltools.gnu-tools-for-stm32.10.3-2021.10.win32_1.0.0.202111181127/tools/bin/../lib/gcc/arm-none-eabi/10.3.1/../../../../arm-none-eabi/lib/thumb/v7-m/nofp\libc_nano.a(lib_a-sprintf.o)
                0x0000000008006518                siprintf
                0x0000000008006518                sprintf
 .text._vsnprintf_r
                0x0000000008006558       0x56 c:/st/stm32cubeide_1.10.1/stm32cubeide/plugins/com.st.stm32cube.ide.mcu.externaltools.gnu-tools-for-stm32.10.3-2021.10.win32_1.0.0.202111181127/tools/bin/../lib/gcc/arm-none-eabi/10.3.1/../../../../arm-none-eabi/lib/thumb/v7-m/nofp\libc_nano.a(lib_a-vsnprintf.o)
                0x0000000008006558                _vsniprintf_r
                0x0000000008006558                _vsnprintf_r
 *fill*         0x00000000080065ae        0x2 
 .text.vsnprintf
                0x00000000080065b0       0x1c c:/st/stm32cubeide_1.10.1/stm32cubeide/plugins/com.st.stm32cube.ide.mcu.externaltools.gnu-tools-for-stm32.10.3-2021.10.win32_1.0.0.202111181127/tools/bin/../lib/gcc/arm-none-eabi/10.3.1/../../../../arm-none-eabi/lib/thumb/v7-m/nofp\libc_nano.a(lib_a-vsnprintf.o)
                0x00000000080065b0                vsniprintf
                0x00000000080065b0                vsnprintf
 .text.__ssputs_r
                0x00000000080065cc       0xb6 c:/st/stm32cubeide_1.10.1/stm32cubeide/plugins/com.st.stm32cube.ide.mcu.externaltools.gnu-tools-for-stm32.10.3-2021.10.win32_1.0.0.202111181127/tools/bin/../lib/gcc/arm-none-eabi/10.3.1/../../../../arm-none-eabi/lib/thumb/v7-m/nofp\libc_nano.a(lib_a-nano-svfprintf.o)
                0x00000000080065cc                __ssputs_r
 *fill*         0x0000000008006682        0x2 
 .text._svfprintf_r
                0x0000000008006684      0x200 c:/st/stm32cubeide_1.10.1/stm32cubeide/plugins/com.st.stm32cube.ide.mcu.externaltools.gnu-tools-for-stm32.10.3-2021.10.win32_1.0.0.202111181127/tools/bin/../lib/gcc/arm-none-eabi/10.3.1/../../../../arm-none-eabi/lib/thumb/v7-m/nofp\libc_nano.a(lib_a-nano-svfprintf.o)
                0x0000000008006684                _svfiprintf_r
                0x0000000008006684                _svfprintf_r
 .text._printf_common
                0x0000000008006884       0xde c:/st/stm32cubeide_1.10.1/stm32cubeide/plugins/com.st.stm32cube.ide.mcu.externaltools.gnu-tools-for-stm32.10.3-2021.10.win32_1.0.0.202111181127/tools/bin/../lib/gcc/arm-none-eabi/10.3.1/../../../../arm-none-eabi/lib/thumb/v7-m/nofp\libc_nano.a(lib_a-nano-vfprintf_i.o)
                0x0000000008006884                _printf_common
 *fill*         0x0000000008006962        0x2 
 .text._printf_i
                0x0000000008006964      0x24c c:/st/stm32cubeide_1.10.1/stm32cubeide/plugins/com.st.stm32cube.ide.mcu.externaltools.gnu-tools-for-stm32.10.3-2021.10.win32_1.0.0.202111181127/tools/bin/../lib/gcc/arm-none-eabi/10.3.1/../../../../arm-none-eabi/lib/thumb/v7-m/nofp\libc_nano.a(lib_a-nano-vfprintf_i.o)
                0x0000000008006964                _printf_i
 .text.memchr   0x0000000008006bb0       0x1c c:/st/stm32cubeide_1.10.1/stm32cubeide/plugins/com.st.stm32cube.ide.mcu.externaltools.gnu-tools-for-stm32.10.3-2021.10.win32_1.0.0.202111181127/tools/bin/../lib/gcc/arm-none-eabi/10.3.1/../../../../arm-none-eabi/lib/thumb/v7-m/nofp\libc_nano.a(lib_a-memchr-stub.o)
                0x0000000008006bb0                memchr
 .text.memcpy   0x0000000008006bcc       0x1c c:/st/stm32cubeide_1.10.1/stm32cubeide/plugins/com.st.stm32cube.ide.mcu.externaltools.gnu-tools-for-stm32.10.3-2021.10.win32_1.0.0.202111181127/tools/bin/../lib/gcc/arm-none-eabi/10.3.1/../../../../arm-none-eabi/lib/thumb/v7-m/nofp\libc_nano.a(lib_a-memcpy-stub.o)
                0x0000000008006bcc                memcpy
 .text.memmove  0x0000000008006be8       0x34 c:/st/stm32cubeide_1.10.1/stm32cubeide/plugins/com.st.stm32cube.ide.mcu.externaltools.gnu-tools-for-stm32.10.3-2021.10.win32_1.0.0.202111181127/tools/bin/../lib/gcc/arm-none-eabi/10.3.1/../../../../arm-none-eabi/lib/thumb/v7-m/nofp\libc_nano.a(lib_a-memmove.o)
                0x0000000008006be8                memmove
 .text._free_r  0x0000000008006c1c       0x90 c:/st/stm32cubeide_1.10.1/stm32cubeide/plugins/com.st.stm32cube.ide.mcu.externaltools.gnu-tools-for-stm32.10.3-2021.10.win32_1.0.0.202111181127/tools/bin/../lib/gcc/arm-none-eabi/10.3.1/../../../../arm-none-eabi/lib/thumb/v7-m/nofp\libc_nano.a(lib_a-nano-freer.o)
                0x0000000008006c1c                _free_r
 .text.sbrk_aligned
                0x0000000008006cac       0x40 c:/st/stm32cubeide_1.10.1/stm32cubeide/plugins/com.st.stm32cube.ide.mcu.externaltools.gnu-tools-for-stm32.10.3-2021.10.win32_1.0.0.202111181127/tools/bin/../lib/gcc/arm-none-eabi/10.3.1/../../../../arm-none-eabi/lib/thumb/v7-m/nofp\libc_nano.a(lib_a-nano-mallocr.o)
 .text._malloc_r
                0x0000000008006cec       0xe8 c:/st/stm32cubeide_1.10.1/stm32cubeide/plugins/com.st.stm32cube.ide.mcu.externaltools.gnu-tools-for-stm32.10.3-2021.10.win32_1.0.0.202111181127/tools/bin/../lib/gcc/arm-none-eabi/10.3.1/../../../../arm-none-eabi/lib/thumb/v7-m/nofp\libc_nano.a(lib_a-nano-mallocr.o)
                0x0000000008006cec                _malloc_r
 .text._realloc_r
                0x0000000008006dd4       0x5e c:/st/stm32cubeide_1.10.1/stm32cubeide/plugins/com.st.stm32cube.ide.mcu.externaltools.gnu-tools-for-stm32.10.3-2021.10.win32_1.0.0.202111181127/tools/bin/../lib/gcc/arm-none-eabi/10.3.1/../../../../arm-none-eabi/lib/thumb/v7-m/nofp\libc_nano.a(lib_a-nano-reallocr.o)
                0x0000000008006dd4                _realloc_r
 *fill*         0x0000000008006e32        0x2 
 .text._sbrk_r  0x0000000008006e34       0x20 c:/st/stm32cubeide_1.10.1/stm32cubeide/plugins/com.st.stm32cube.ide.mcu.externaltools.gnu-tools-for-stm32.10.3-2021.10.win32_1.0.0.202111181127/tools/bin/../lib/gcc/arm-none-eabi/10.3.1/../../../../arm-none-eabi/lib/thumb/v7-m/nofp\libc_nano.a(lib_a-sbrkr.o)
                0x0000000008006e34                _sbrk_r
 .text.__malloc_lock
                0x0000000008006e54        0xc c:/st/stm32cubeide_1.10.1/stm32cubeide/plugins/com.st.stm32cube.ide.mcu.externaltools.gnu-tools-for-stm32.10.3-2021.10.win32_1.0.0.202111181127/tools/bin/../lib/gcc/arm-none-eabi/10.3.1/../../../../arm-none-eabi/lib/thumb/v7-m/nofp\libc_nano.a(lib_a-mlock.o)
                0x0000000008006e54                __malloc_lock
 .text.__malloc_unlock
                0x0000000008006e60        0xc c:/st/stm32cubeide_1.10.1/stm32cubeide/plugins/com.st.stm32cube.ide.mcu.externaltools.gnu-tools-for-stm32.10.3-2021.10.win32_1.0.0.202111181127/tools/bin/../lib/gcc/arm-none-eabi/10.3.1/../../../../arm-none-eabi/lib/thumb/v7-m/nofp\libc_nano.a(lib_a-mlock.o)
                0x0000000008006e60                __malloc_unlock
 .text._malloc_usable_size_r
                0x0000000008006e6c       0x10 c:/st/stm32cubeide_1.10.1/stm32cubeide/plugins/com.st.stm32cube.ide.mcu.externaltools.gnu-tools-for-stm32.10.3-2021.10.win32_1.0.0.202111181127/tools/bin/../lib/gcc/arm-none-eabi/10.3.1/../../../../arm-none-eabi/lib/thumb/v7-m/nofp\libc_nano.a(lib_a-nano-msizer.o)
                0x0000000008006e6c                _malloc_usable_size_r
 .text.__retarget_lock_acquire_recursive
                0x0000000008006e7c        0x2 c:/st/stm32cubeide_1.10.1/stm32cubeide/plugins/com.st.stm32cube.ide.mcu.externaltools.gnu-tools-for-stm32.10.3-2021.10.win32_1.0.0.202111181127/tools/bin/../lib/gcc/arm-none-eabi/10.3.1/../../../../arm-none-eabi/lib/thumb/v7-m/nofp\libc_nano.a(lib_a-lock.o)
                0x0000000008006e7c                __retarget_lock_acquire_recursive
 .text.__retarget_lock_release_recursive
                0x0000000008006e7e        0x2 c:/st/stm32cubeide_1.10.1/stm32cubeide/plugins/com.st.stm32cube.ide.mcu.externaltools.gnu-tools-for-stm32.10.3-2021.10.win32_1.0.0.202111181127/tools/bin/../lib/gcc/arm-none-eabi/10.3.1/../../../../arm-none-eabi/lib/thumb/v7-m/nofp\libc_nano.a(lib_a-lock.o)
                0x0000000008006e7e                __retarget_lock_release_recursive
 *(.glue_7)
 .glue_7        0x0000000008006e80        0x0 linker stubs
 *(.glue_7t)
 .glue_7t       0x0000000008006e80        0x0 linker stubs
 *(.eh_frame)
 .eh_frame      0x0000000008006e80        0x0 c:/st/stm32cubeide_1.10.1/stm32cubeide/plugins/com.st.stm32cube.ide.mcu.externaltools.gnu-tools-for-stm32.10.3-2021.10.win32_1.0.0.202111181127/tools/bin/../lib/gcc/arm-none-eabi/10.3.1/thumb/v7-m/nofp/crtbegin.o
 *(.init)
 .init          0x0000000008006e80        0x4 c:/st/stm32cubeide_1.10.1/stm32cubeide/plugins/com.st.stm32cube.ide.mcu.externaltools.gnu-tools-for-stm32.10.3-2021.10.win32_1.0.0.202111181127/tools/bin/../lib/gcc/arm-none-eabi/10.3.1/thumb/v7-m/nofp/crti.o
                0x0000000008006e80                _init
 .init          0x0000000008006e84        0x8 c:/st/stm32cubeide_1.10.1/stm32cubeide/plugins/com.st.stm32cube.ide.mcu.externaltools.gnu-tools-for-stm32.10.3-2021.10.win32_1.0.0.202111181127/tools/bin/../lib/gcc/arm-none-eabi/10.3.1/thumb/v7-m/nofp/crtn.o
 *(.fini)
 .fini          0x0000000008006e8c        0x4 c:/st/stm32cubeide_1.10.1/stm32cubeide/plugins/com.st.stm32cube.ide.mcu.externaltools.gnu-tools-for-stm32.10.3-2021.10.win32_1.0.0.202111181127/tools/bin/../lib/gcc/arm-none-eabi/10.3.1/thumb/v7-m/nofp/crti.o
                0x0000000008006e8c                _fini
 .fini          0x0000000008006e90        0x8 c:/st/stm32cubeide_1.10.1/stm32cubeide/plugins/com.st.stm32cube.ide.mcu.externaltools.gnu-tools-for-stm32.10.3-2021.10.win32_1.0.0.202111181127/tools/bin/../lib/gcc/arm-none-eabi/10.3.1/thumb/v7-m/nofp/crtn.o
                0x0000000008006e98                . = ALIGN (0x4)
                0x0000000008006e98                _etext = .

.vfp11_veneer   0x0000000008006e98        0x0
 .vfp11_veneer  0x0000000008006e98        0x0 linker stubs

.v4_bx          0x0000000008006e98        0x0
 .v4_bx         0x0000000008006e98        0x0 linker stubs

.iplt           0x0000000008006e98        0x0
 .iplt          0x0000000008006e98        0x0 c:/st/stm32cubeide_1.10.1/stm32cubeide/plugins/com.st.stm32cube.ide.mcu.externaltools.gnu-tools-for-stm32.10.3-2021.10.win32_1.0.0.202111181127/tools/bin/../lib/gcc/arm-none-eabi/10.3.1/thumb/v7-m/nofp/crtbegin.o

.rodata         0x0000000008006e98      0x2a0
                0x0000000008006e98                . = ALIGN (0x4)
 *(.rodata)
 .rodata        0x0000000008006e98      0x16f ./Core/Src/main.o
 *fill*         0x0000000008007007        0x1 
 .rodata        0x0000000008007008       0x10 ./Drivers/STM32F1xx_HAL_Driver/Src/stm32f1xx_hal_rcc.o
 .rodata        0x0000000008007018       0x10 ./Drivers/STM32F1xx_HAL_Driver/Src/stm32f1xx_hal_rcc_ex.o
 .rodata        0x0000000008007028       0x44 ./Middlewares/Third_Party/FatFs/src/ff.o
 *(.rodata*)
 .rodata.AHBPrescTable
                0x000000000800706c       0x10 ./Core/Src/system_stm32f1xx.o
                0x000000000800706c                AHBPrescTable
 .rodata.APBPrescTable
                0x000000000800707c        0x8 ./Core/Src/system_stm32f1xx.o
                0x000000000800707c                APBPrescTable
 .rodata.ExCvt  0x0000000008007084       0x80 ./Middlewares/Third_Party/FatFs/src/ff.o
 .rodata._svfprintf_r.str1.1
                0x0000000008007104       0x11 c:/st/stm32cubeide_1.10.1/stm32cubeide/plugins/com.st.stm32cube.ide.mcu.externaltools.gnu-tools-for-stm32.10.3-2021.10.win32_1.0.0.202111181127/tools/bin/../lib/gcc/arm-none-eabi/10.3.1/../../../../arm-none-eabi/lib/thumb/v7-m/nofp\libc_nano.a(lib_a-nano-svfprintf.o)
 .rodata._printf_i.str1.1
                0x0000000008007115       0x22 c:/st/stm32cubeide_1.10.1/stm32cubeide/plugins/com.st.stm32cube.ide.mcu.externaltools.gnu-tools-for-stm32.10.3-2021.10.win32_1.0.0.202111181127/tools/bin/../lib/gcc/arm-none-eabi/10.3.1/../../../../arm-none-eabi/lib/thumb/v7-m/nofp\libc_nano.a(lib_a-nano-vfprintf_i.o)
                0x0000000008007138                . = ALIGN (0x4)
 *fill*         0x0000000008007137        0x1 

.rel.dyn        0x0000000008007138        0x0
 .rel.iplt      0x0000000008007138        0x0 c:/st/stm32cubeide_1.10.1/stm32cubeide/plugins/com.st.stm32cube.ide.mcu.externaltools.gnu-tools-for-stm32.10.3-2021.10.win32_1.0.0.202111181127/tools/bin/../lib/gcc/arm-none-eabi/10.3.1/thumb/v7-m/nofp/crtbegin.o

.ARM.extab      0x0000000008007138        0x0
                0x0000000008007138                . = ALIGN (0x4)
 *(.ARM.extab* .gnu.linkonce.armextab.*)
                0x0000000008007138                . = ALIGN (0x4)

.ARM            0x0000000008007138        0x0
                0x0000000008007138                . = ALIGN (0x4)
                0x0000000008007138                __exidx_start = .
 *(.ARM.exidx*)
                0x0000000008007138                __exidx_end = .
                0x0000000008007138                . = ALIGN (0x4)

.preinit_array  0x0000000008007138        0x0
                0x0000000008007138                . = ALIGN (0x4)
                0x0000000008007138                PROVIDE (__preinit_array_start = .)
 *(.preinit_array*)
                0x0000000008007138                PROVIDE (__preinit_array_end = .)
                0x0000000008007138                . = ALIGN (0x4)

.init_array     0x0000000008007138        0x4
                0x0000000008007138                . = ALIGN (0x4)
                0x0000000008007138                PROVIDE (__init_array_start = .)
 *(SORT_BY_NAME(.init_array.*))
 *(.init_array*)
 .init_array    0x0000000008007138        0x4 c:/st/stm32cubeide_1.10.1/stm32cubeide/plugins/com.st.stm32cube.ide.mcu.externaltools.gnu-tools-for-stm32.10.3-2021.10.win32_1.0.0.202111181127/tools/bin/../lib/gcc/arm-none-eabi/10.3.1/thumb/v7-m/nofp/crtbegin.o
                0x000000000800713c                PROVIDE (__init_array_end = .)
                0x000000000800713c                . = ALIGN (0x4)

.fini_array     0x000000000800713c        0x4
                0x000000000800713c                . = ALIGN (0x4)
                [!provide]                        PROVIDE (__fini_array_start = .)
 *(SORT_BY_NAME(.fini_array.*))
 *(.fini_array*)
 .fini_array    0x000000000800713c        0x4 c:/st/stm32cubeide_1.10.1/stm32cubeide/plugins/com.st.stm32cube.ide.mcu.externaltools.gnu-tools-for-stm32.10.3-2021.10.win32_1.0.0.202111181127/tools/bin/../lib/gcc/arm-none-eabi/10.3.1/thumb/v7-m/nofp/crtbegin.o
                [!provide]                        PROVIDE (__fini_array_end = .)
                0x0000000008007140                . = ALIGN (0x4)
                0x0000000008007140                _sidata = LOADADDR (.data)

.data           0x0000000020000000       0x88 load address 0x0000000008007140
                0x0000000020000000                . = ALIGN (0x4)
                0x0000000020000000                _sdata = .
 *(.data)
 *(.data*)
 .data.SystemCoreClock
                0x0000000020000000        0x4 ./Core/Src/system_stm32f1xx.o
                0x0000000020000000                SystemCoreClock
 .data.uwTickPrio
                0x0000000020000004        0x4 ./Drivers/STM32F1xx_HAL_Driver/Src/stm32f1xx_hal.o
                0x0000000020000004                uwTickPrio
 .data.uwTickFreq
                0x0000000020000008        0x1 ./Drivers/STM32F1xx_HAL_Driver/Src/stm32f1xx_hal.o
                0x0000000020000008                uwTickFreq
 *fill*         0x0000000020000009        0x3 
 .data.USER_Driver
                0x000000002000000c       0x14 ./FATFS/Target/user_diskio.o
                0x000000002000000c                USER_Driver
 .data.Stat     0x0000000020000020        0x1 ./FATFS/Target/user_diskio_spi.o
 *fill*         0x0000000020000021        0x3 
 .data._impure_ptr
                0x0000000020000024        0x4 c:/st/stm32cubeide_1.10.1/stm32cubeide/plugins/com.st.stm32cube.ide.mcu.externaltools.gnu-tools-for-stm32.10.3-2021.10.win32_1.0.0.202111181127/tools/bin/../lib/gcc/arm-none-eabi/10.3.1/../../../../arm-none-eabi/lib/thumb/v7-m/nofp\libc_nano.a(lib_a-impure.o)
                0x0000000020000024                _impure_ptr
 .data.impure_data
                0x0000000020000028       0x60 c:/st/stm32cubeide_1.10.1/stm32cubeide/plugins/com.st.stm32cube.ide.mcu.externaltools.gnu-tools-for-stm32.10.3-2021.10.win32_1.0.0.202111181127/tools/bin/../lib/gcc/arm-none-eabi/10.3.1/../../../../arm-none-eabi/lib/thumb/v7-m/nofp\libc_nano.a(lib_a-impure.o)
 *(.RamFunc)
 *(.RamFunc*)
                0x0000000020000088                . = ALIGN (0x4)
                0x0000000020000088                _edata = .

.igot.plt       0x0000000020000088        0x0 load address 0x00000000080071c8
 .igot.plt      0x0000000020000088        0x0 c:/st/stm32cubeide_1.10.1/stm32cubeide/plugins/com.st.stm32cube.ide.mcu.externaltools.gnu-tools-for-stm32.10.3-2021.10.win32_1.0.0.202111181127/tools/bin/../lib/gcc/arm-none-eabi/10.3.1/thumb/v7-m/nofp/crtbegin.o
                0x0000000020000088                . = ALIGN (0x4)

.bss            0x0000000020000088      0x1fc load address 0x00000000080071c8
                0x0000000020000088                _sbss = .
                0x0000000020000088                __bss_start__ = _sbss
 *(.bss)
 .bss           0x0000000020000088       0x1c c:/st/stm32cubeide_1.10.1/stm32cubeide/plugins/com.st.stm32cube.ide.mcu.externaltools.gnu-tools-for-stm32.10.3-2021.10.win32_1.0.0.202111181127/tools/bin/../lib/gcc/arm-none-eabi/10.3.1/thumb/v7-m/nofp/crtbegin.o
 *(.bss*)
 .bss.hadc1     0x00000000200000a4       0x30 ./Core/Src/main.o
                0x00000000200000a4                hadc1
 .bss.hspi2     0x00000000200000d4       0x58 ./Core/Src/main.o
                0x00000000200000d4                hspi2
 .bss.buffer.0  0x000000002000012c      0x100 ./Core/Src/main.o
 .bss.__sbrk_heap_end
                0x000000002000022c        0x4 ./Core/Src/sysmem.o
 .bss.uwTick    0x0000000020000230        0x4 ./Drivers/STM32F1xx_HAL_Driver/Src/stm32f1xx_hal.o
                0x0000000020000230                uwTick
 .bss.retUSER   0x0000000020000234        0x1 ./FATFS/App/fatfs.o
                0x0000000020000234                retUSER
 *fill*         0x0000000020000235        0x3 
 .bss.USERPath  0x0000000020000238        0x4 ./FATFS/App/fatfs.o
                0x0000000020000238                USERPath
 .bss.CardType  0x000000002000023c        0x1 ./FATFS/Target/user_diskio_spi.o
 *fill*         0x000000002000023d        0x3 
 .bss.spiTimerTickStart
                0x0000000020000240        0x4 ./FATFS/Target/user_diskio_spi.o
                0x0000000020000240                spiTimerTickStart
 .bss.spiTimerTickDelay
                0x0000000020000244        0x4 ./FATFS/Target/user_diskio_spi.o
                0x0000000020000244                spiTimerTickDelay
 .bss.FatFs     0x0000000020000248        0x4 ./Middlewares/Third_Party/FatFs/src/ff.o
 .bss.Fsid      0x000000002000024c        0x2 ./Middlewares/Third_Party/FatFs/src/ff.o
 *fill*         0x000000002000024e        0x2 
 .bss.Files     0x0000000020000250       0x18 ./Middlewares/Third_Party/FatFs/src/ff.o
 .bss.disk      0x0000000020000268        0xc ./Middlewares/Third_Party/FatFs/src/ff_gen_drv.o
                0x0000000020000268                disk
 .bss.__malloc_free_list
                0x0000000020000274        0x4 c:/st/stm32cubeide_1.10.1/stm32cubeide/plugins/com.st.stm32cube.ide.mcu.externaltools.gnu-tools-for-stm32.10.3-2021.10.win32_1.0.0.202111181127/tools/bin/../lib/gcc/arm-none-eabi/10.3.1/../../../../arm-none-eabi/lib/thumb/v7-m/nofp\libc_nano.a(lib_a-nano-mallocr.o)
                0x0000000020000274                __malloc_free_list
 .bss.__malloc_sbrk_start
                0x0000000020000278        0x4 c:/st/stm32cubeide_1.10.1/stm32cubeide/plugins/com.st.stm32cube.ide.mcu.externaltools.gnu-tools-for-stm32.10.3-2021.10.win32_1.0.0.202111181127/tools/bin/../lib/gcc/arm-none-eabi/10.3.1/../../../../arm-none-eabi/lib/thumb/v7-m/nofp\libc_nano.a(lib_a-nano-mallocr.o)
                0x0000000020000278                __malloc_sbrk_start
 .bss.errno     0x000000002000027c        0x4 c:/st/stm32cubeide_1.10.1/stm32cubeide/plugins/com.st.stm32cube.ide.mcu.externaltools.gnu-tools-for-stm32.10.3-2021.10.win32_1.0.0.202111181127/tools/bin/../lib/gcc/arm-none-eabi/10.3.1/../../../../arm-none-eabi/lib/thumb/v7-m/nofp\libc_nano.a(lib_a-reent.o)
                0x000000002000027c                errno
 .bss.__lock___malloc_recursive_mutex
                0x0000000020000280        0x1 c:/st/stm32cubeide_1.10.1/stm32cubeide/plugins/com.st.stm32cube.ide.mcu.externaltools.gnu-tools-for-stm32.10.3-2021.10.win32_1.0.0.202111181127/tools/bin/../lib/gcc/arm-none-eabi/10.3.1/../../../../arm-none-eabi/lib/thumb/v7-m/nofp\libc_nano.a(lib_a-lock.o)
                0x0000000020000280                __lock___malloc_recursive_mutex
 *(COMMON)
                0x0000000020000284                . = ALIGN (0x4)
 *fill*         0x0000000020000281        0x3 
                0x0000000020000284                _ebss = .
                0x0000000020000284                __bss_end__ = _ebss

._user_heap_stack
                0x0000000020000284      0x604 load address 0x00000000080071c8
                0x0000000020000288                . = ALIGN (0x8)
 *fill*         0x0000000020000284        0x4 
                [!provide]                        PROVIDE (end = .)
                0x0000000020000288                PROVIDE (_end = .)
                0x0000000020000488                . = (. + _Min_Heap_Size)
 *fill*         0x0000000020000288      0x200 
                0x0000000020000888                . = (. + _Min_Stack_Size)
 *fill*         0x0000000020000488      0x400 
                0x0000000020000888                . = ALIGN (0x8)

/DISCARD/
 libc.a(*)
 libm.a(*)
 libgcc.a(*)

.ARM.attributes
                0x0000000000000000       0x29
 *(.ARM.attributes)
 .ARM.attributes
                0x0000000000000000       0x1d c:/st/stm32cubeide_1.10.1/stm32cubeide/plugins/com.st.stm32cube.ide.mcu.externaltools.gnu-tools-for-stm32.10.3-2021.10.win32_1.0.0.202111181127/tools/bin/../lib/gcc/arm-none-eabi/10.3.1/thumb/v7-m/nofp/crti.o
 .ARM.attributes
                0x000000000000001d       0x2d c:/st/stm32cubeide_1.10.1/stm32cubeide/plugins/com.st.stm32cube.ide.mcu.externaltools.gnu-tools-for-stm32.10.3-2021.10.win32_1.0.0.202111181127/tools/bin/../lib/gcc/arm-none-eabi/10.3.1/thumb/v7-m/nofp/crtbegin.o
 .ARM.attributes
                0x000000000000004a       0x2d ./Core/Src/main.o
 .ARM.attributes
                0x0000000000000077       0x2d ./Core/Src/stm32f1xx_hal_msp.o
 .ARM.attributes
                0x00000000000000a4       0x2d ./Core/Src/stm32f1xx_it.o
 .ARM.attributes
                0x00000000000000d1       0x2d ./Core/Src/sysmem.o
 .ARM.attributes
                0x00000000000000fe       0x2d ./Core/Src/system_stm32f1xx.o
 .ARM.attributes
                0x000000000000012b       0x21 ./Core/Startup/startup_stm32f103vbtx.o
 .ARM.attributes
                0x000000000000014c       0x2d ./Drivers/STM32F1xx_HAL_Driver/Src/stm32f1xx_hal.o
 .ARM.attributes
                0x0000000000000179       0x2d ./Drivers/STM32F1xx_HAL_Driver/Src/stm32f1xx_hal_adc.o
 .ARM.attributes
                0x00000000000001a6       0x2d ./Drivers/STM32F1xx_HAL_Driver/Src/stm32f1xx_hal_cortex.o
 .ARM.attributes
                0x00000000000001d3       0x2d ./Drivers/STM32F1xx_HAL_Driver/Src/stm32f1xx_hal_gpio.o
 .ARM.attributes
                0x0000000000000200       0x2d ./Drivers/STM32F1xx_HAL_Driver/Src/stm32f1xx_hal_gpio_ex.o
 .ARM.attributes
                0x000000000000022d       0x2d ./Drivers/STM32F1xx_HAL_Driver/Src/stm32f1xx_hal_rcc.o
 .ARM.attributes
                0x000000000000025a       0x2d ./Drivers/STM32F1xx_HAL_Driver/Src/stm32f1xx_hal_rcc_ex.o
 .ARM.attributes
                0x0000000000000287       0x2d ./Drivers/STM32F1xx_HAL_Driver/Src/stm32f1xx_hal_spi.o
 .ARM.attributes
                0x00000000000002b4       0x2d ./FATFS/App/fatfs.o
 .ARM.attributes
                0x00000000000002e1       0x2d ./FATFS/Target/user_diskio.o
 .ARM.attributes
                0x000000000000030e       0x2d ./FATFS/Target/user_diskio_spi.o
 .ARM.attributes
                0x000000000000033b       0x2d ./Middlewares/Third_Party/FatFs/src/diskio.o
 .ARM.attributes
                0x0000000000000368       0x2d ./Middlewares/Third_Party/FatFs/src/ff.o
 .ARM.attributes
                0x0000000000000395       0x2d ./Middlewares/Third_Party/FatFs/src/ff_gen_drv.o
 .ARM.attributes
                0x00000000000003c2       0x2d c:/st/stm32cubeide_1.10.1/stm32cubeide/plugins/com.st.stm32cube.ide.mcu.externaltools.gnu-tools-for-stm32.10.3-2021.10.win32_1.0.0.202111181127/tools/bin/../lib/gcc/arm-none-eabi/10.3.1/../../../../arm-none-eabi/lib/thumb/v7-m/nofp\libc_nano.a(lib_a-errno.o)
 .ARM.attributes
                0x00000000000003ef       0x2d c:/st/stm32cubeide_1.10.1/stm32cubeide/plugins/com.st.stm32cube.ide.mcu.externaltools.gnu-tools-for-stm32.10.3-2021.10.win32_1.0.0.202111181127/tools/bin/../lib/gcc/arm-none-eabi/10.3.1/../../../../arm-none-eabi/lib/thumb/v7-m/nofp\libc_nano.a(lib_a-impure.o)
 .ARM.attributes
                0x000000000000041c       0x2d c:/st/stm32cubeide_1.10.1/stm32cubeide/plugins/com.st.stm32cube.ide.mcu.externaltools.gnu-tools-for-stm32.10.3-2021.10.win32_1.0.0.202111181127/tools/bin/../lib/gcc/arm-none-eabi/10.3.1/../../../../arm-none-eabi/lib/thumb/v7-m/nofp\libc_nano.a(lib_a-init.o)
 .ARM.attributes
                0x0000000000000449       0x2d c:/st/stm32cubeide_1.10.1/stm32cubeide/plugins/com.st.stm32cube.ide.mcu.externaltools.gnu-tools-for-stm32.10.3-2021.10.win32_1.0.0.202111181127/tools/bin/../lib/gcc/arm-none-eabi/10.3.1/../../../../arm-none-eabi/lib/thumb/v7-m/nofp\libc_nano.a(lib_a-memset.o)
 .ARM.attributes
                0x0000000000000476       0x2d c:/st/stm32cubeide_1.10.1/stm32cubeide/plugins/com.st.stm32cube.ide.mcu.externaltools.gnu-tools-for-stm32.10.3-2021.10.win32_1.0.0.202111181127/tools/bin/../lib/gcc/arm-none-eabi/10.3.1/../../../../arm-none-eabi/lib/thumb/v7-m/nofp\libc_nano.a(lib_a-sprintf.o)
 .ARM.attributes
                0x00000000000004a3       0x17 c:/st/stm32cubeide_1.10.1/stm32cubeide/plugins/com.st.stm32cube.ide.mcu.externaltools.gnu-tools-for-stm32.10.3-2021.10.win32_1.0.0.202111181127/tools/bin/../lib/gcc/arm-none-eabi/10.3.1/../../../../arm-none-eabi/lib/thumb/v7-m/nofp\libc_nano.a(lib_a-strlen.o)
 .ARM.attributes
                0x00000000000004ba       0x2d c:/st/stm32cubeide_1.10.1/stm32cubeide/plugins/com.st.stm32cube.ide.mcu.externaltools.gnu-tools-for-stm32.10.3-2021.10.win32_1.0.0.202111181127/tools/bin/../lib/gcc/arm-none-eabi/10.3.1/../../../../arm-none-eabi/lib/thumb/v7-m/nofp\libc_nano.a(lib_a-vsnprintf.o)
 .ARM.attributes
                0x00000000000004e7       0x2d c:/st/stm32cubeide_1.10.1/stm32cubeide/plugins/com.st.stm32cube.ide.mcu.externaltools.gnu-tools-for-stm32.10.3-2021.10.win32_1.0.0.202111181127/tools/bin/../lib/gcc/arm-none-eabi/10.3.1/../../../../arm-none-eabi/lib/thumb/v7-m/nofp\libc_nano.a(lib_a-nano-svfprintf.o)
 .ARM.attributes
                0x0000000000000514       0x2d c:/st/stm32cubeide_1.10.1/stm32cubeide/plugins/com.st.stm32cube.ide.mcu.externaltools.gnu-tools-for-stm32.10.3-2021.10.win32_1.0.0.202111181127/tools/bin/../lib/gcc/arm-none-eabi/10.3.1/../../../../arm-none-eabi/lib/thumb/v7-m/nofp\libc_nano.a(lib_a-nano-vfprintf_i.o)
 .ARM.attributes
                0x0000000000000541       0x2d c:/st/stm32cubeide_1.10.1/stm32cubeide/plugins/com.st.stm32cube.ide.mcu.externaltools.gnu-tools-for-stm32.10.3-2021.10.win32_1.0.0.202111181127/tools/bin/../lib/gcc/arm-none-eabi/10.3.1/../../../../arm-none-eabi/lib/thumb/v7-m/nofp\libc_nano.a(lib_a-memchr-stub.o)
 .ARM.attributes
                0x000000000000056e       0x2d c:/st/stm32cubeide_1.10.1/stm32cubeide/plugins/com.st.stm32cube.ide.mcu.externaltools.gnu-tools-for-stm32.10.3-2021.10.win32_1.0.0.202111181127/tools/bin/../lib/gcc/arm-none-eabi/10.3.1/../../../../arm-none-eabi/lib/thumb/v7-m/nofp\libc_nano.a(lib_a-memcpy-stub.o)
 .ARM.attributes
                0x000000000000059b       0x2d c:/st/stm32cubeide_1.10.1/stm32cubeide/plugins/com.st.stm32cube.ide.mcu.externaltools.gnu-tools-for-stm32.10.3-2021.10.win32_1.0.0.202111181127/tools/bin/../lib/gcc/arm-none-eabi/10.3.1/../../../../arm-none-eabi/lib/thumb/v7-m/nofp\libc_nano.a(lib_a-memmove.o)
 .ARM.attributes
                0x00000000000005c8       0x2d c:/st/stm32cubeide_1.10.1/stm32cubeide/plugins/com.st.stm32cube.ide.mcu.externaltools.gnu-tools-for-stm32.10.3-2021.10.win32_1.0.0.202111181127/tools/bin/../lib/gcc/arm-none-eabi/10.3.1/../../../../arm-none-eabi/lib/thumb/v7-m/nofp\libc_nano.a(lib_a-nano-freer.o)
 .ARM.attributes
                0x00000000000005f5       0x2d c:/st/stm32cubeide_1.10.1/stm32cubeide/plugins/com.st.stm32cube.ide.mcu.externaltools.gnu-tools-for-stm32.10.3-2021.10.win32_1.0.0.202111181127/tools/bin/../lib/gcc/arm-none-eabi/10.3.1/../../../../arm-none-eabi/lib/thumb/v7-m/nofp\libc_nano.a(lib_a-nano-mallocr.o)
 .ARM.attributes
                0x0000000000000622       0x2d c:/st/stm32cubeide_1.10.1/stm32cubeide/plugins/com.st.stm32cube.ide.mcu.externaltools.gnu-tools-for-stm32.10.3-2021.10.win32_1.0.0.202111181127/tools/bin/../lib/gcc/arm-none-eabi/10.3.1/../../../../arm-none-eabi/lib/thumb/v7-m/nofp\libc_nano.a(lib_a-nano-reallocr.o)
 .ARM.attributes
                0x000000000000064f       0x2d c:/st/stm32cubeide_1.10.1/stm32cubeide/plugins/com.st.stm32cube.ide.mcu.externaltools.gnu-tools-for-stm32.10.3-2021.10.win32_1.0.0.202111181127/tools/bin/../lib/gcc/arm-none-eabi/10.3.1/../../../../arm-none-eabi/lib/thumb/v7-m/nofp\libc_nano.a(lib_a-sbrkr.o)
 .ARM.attributes
                0x000000000000067c       0x2d c:/st/stm32cubeide_1.10.1/stm32cubeide/plugins/com.st.stm32cube.ide.mcu.externaltools.gnu-tools-for-stm32.10.3-2021.10.win32_1.0.0.202111181127/tools/bin/../lib/gcc/arm-none-eabi/10.3.1/../../../../arm-none-eabi/lib/thumb/v7-m/nofp\libc_nano.a(lib_a-mlock.o)
 .ARM.attributes
                0x00000000000006a9       0x2d c:/st/stm32cubeide_1.10.1/stm32cubeide/plugins/com.st.stm32cube.ide.mcu.externaltools.gnu-tools-for-stm32.10.3-2021.10.win32_1.0.0.202111181127/tools/bin/../lib/gcc/arm-none-eabi/10.3.1/../../../../arm-none-eabi/lib/thumb/v7-m/nofp\libc_nano.a(lib_a-nano-msizer.o)
 .ARM.attributes
                0x00000000000006d6       0x2d c:/st/stm32cubeide_1.10.1/stm32cubeide/plugins/com.st.stm32cube.ide.mcu.externaltools.gnu-tools-for-stm32.10.3-2021.10.win32_1.0.0.202111181127/tools/bin/../lib/gcc/arm-none-eabi/10.3.1/../../../../arm-none-eabi/lib/thumb/v7-m/nofp\libc_nano.a(lib_a-reent.o)
 .ARM.attributes
                0x0000000000000703       0x2d c:/st/stm32cubeide_1.10.1/stm32cubeide/plugins/com.st.stm32cube.ide.mcu.externaltools.gnu-tools-for-stm32.10.3-2021.10.win32_1.0.0.202111181127/tools/bin/../lib/gcc/arm-none-eabi/10.3.1/../../../../arm-none-eabi/lib/thumb/v7-m/nofp\libc_nano.a(lib_a-lock.o)
 .ARM.attributes
                0x0000000000000730       0x1d c:/st/stm32cubeide_1.10.1/stm32cubeide/plugins/com.st.stm32cube.ide.mcu.externaltools.gnu-tools-for-stm32.10.3-2021.10.win32_1.0.0.202111181127/tools/bin/../lib/gcc/arm-none-eabi/10.3.1/thumb/v7-m/nofp\libgcc.a(_arm_addsubsf3.o)
 .ARM.attributes
                0x000000000000074d       0x1d c:/st/stm32cubeide_1.10.1/stm32cubeide/plugins/com.st.stm32cube.ide.mcu.externaltools.gnu-tools-for-stm32.10.3-2021.10.win32_1.0.0.202111181127/tools/bin/../lib/gcc/arm-none-eabi/10.3.1/thumb/v7-m/nofp\libgcc.a(_arm_muldivsf3.o)
 .ARM.attributes
                0x000000000000076a       0x1d c:/st/stm32cubeide_1.10.1/stm32cubeide/plugins/com.st.stm32cube.ide.mcu.externaltools.gnu-tools-for-stm32.10.3-2021.10.win32_1.0.0.202111181127/tools/bin/../lib/gcc/arm-none-eabi/10.3.1/thumb/v7-m/nofp\libgcc.a(_arm_fixunssfsi.o)
 .ARM.attributes
                0x0000000000000787       0x1d c:/st/stm32cubeide_1.10.1/stm32cubeide/plugins/com.st.stm32cube.ide.mcu.externaltools.gnu-tools-for-stm32.10.3-2021.10.win32_1.0.0.202111181127/tools/bin/../lib/gcc/arm-none-eabi/10.3.1/thumb/v7-m/nofp/crtn.o
OUTPUT(First_Test_LED.elf elf32-littlearm)
LOAD linker stubs
LOAD c:/st/stm32cubeide_1.10.1/stm32cubeide/plugins/com.st.stm32cube.ide.mcu.externaltools.gnu-tools-for-stm32.10.3-2021.10.win32_1.0.0.202111181127/tools/bin/../lib/gcc/arm-none-eabi/10.3.1/../../../../arm-none-eabi/lib/thumb/v7-m/nofp\libc.a
LOAD c:/st/stm32cubeide_1.10.1/stm32cubeide/plugins/com.st.stm32cube.ide.mcu.externaltools.gnu-tools-for-stm32.10.3-2021.10.win32_1.0.0.202111181127/tools/bin/../lib/gcc/arm-none-eabi/10.3.1/../../../../arm-none-eabi/lib/thumb/v7-m/nofp\libm.a
LOAD c:/st/stm32cubeide_1.10.1/stm32cubeide/plugins/com.st.stm32cube.ide.mcu.externaltools.gnu-tools-for-stm32.10.3-2021.10.win32_1.0.0.202111181127/tools/bin/../lib/gcc/arm-none-eabi/10.3.1/thumb/v7-m/nofp\libgcc.a

.debug_info     0x0000000000000000     0xae75
 .debug_info    0x0000000000000000     0x1573 ./Core/Src/main.o
 .debug_info    0x0000000000001573      0xb3a ./Core/Src/stm32f1xx_hal_msp.o
 .debug_info    0x00000000000020ad      0x122 ./Core/Src/stm32f1xx_it.o
 .debug_info    0x00000000000021cf      0x171 ./Core/Src/sysmem.o
 .debug_info    0x0000000000002340      0x23d ./Core/Src/system_stm32f1xx.o
 .debug_info    0x000000000000257d       0x22 ./Core/Startup/startup_stm32f103vbtx.o
 .debug_info    0x000000000000259f      0x734 ./Drivers/STM32F1xx_HAL_Driver/Src/stm32f1xx_hal.o
 .debug_info    0x0000000000002cd3      0xcd9 ./Drivers/STM32F1xx_HAL_Driver/Src/stm32f1xx_hal_adc.o
 .debug_info    0x00000000000039ac      0xb20 ./Drivers/STM32F1xx_HAL_Driver/Src/stm32f1xx_hal_cortex.o
 .debug_info    0x00000000000044cc      0x615 ./Drivers/STM32F1xx_HAL_Driver/Src/stm32f1xx_hal_gpio.o
 .debug_info    0x0000000000004ae1      0x15c ./Drivers/STM32F1xx_HAL_Driver/Src/stm32f1xx_hal_gpio_ex.o
 .debug_info    0x0000000000004c3d      0x860 ./Drivers/STM32F1xx_HAL_Driver/Src/stm32f1xx_hal_rcc.o
 .debug_info    0x000000000000549d      0x3e0 ./Drivers/STM32F1xx_HAL_Driver/Src/stm32f1xx_hal_rcc_ex.o
 .debug_info    0x000000000000587d     0x1658 ./Drivers/STM32F1xx_HAL_Driver/Src/stm32f1xx_hal_spi.o
 .debug_info    0x0000000000006ed5      0x51e ./FATFS/App/fatfs.o
 .debug_info    0x00000000000073f3      0x3d2 ./FATFS/Target/user_diskio.o
 .debug_info    0x00000000000077c5      0xc27 ./FATFS/Target/user_diskio_spi.o
 .debug_info    0x00000000000083ec      0x40d ./Middlewares/Third_Party/FatFs/src/diskio.o
 .debug_info    0x00000000000087f9     0x22d8 ./Middlewares/Third_Party/FatFs/src/ff.o
 .debug_info    0x000000000000aad1      0x3a4 ./Middlewares/Third_Party/FatFs/src/ff_gen_drv.o

.debug_abbrev   0x0000000000000000     0x2365
 .debug_abbrev  0x0000000000000000      0x38f ./Core/Src/main.o
 .debug_abbrev  0x000000000000038f      0x194 ./Core/Src/stm32f1xx_hal_msp.o
 .debug_abbrev  0x0000000000000523       0x74 ./Core/Src/stm32f1xx_it.o
 .debug_abbrev  0x0000000000000597       0xbb ./Core/Src/sysmem.o
 .debug_abbrev  0x0000000000000652      0x13b ./Core/Src/system_stm32f1xx.o
 .debug_abbrev  0x000000000000078d       0x12 ./Core/Startup/startup_stm32f103vbtx.o
 .debug_abbrev  0x000000000000079f      0x1fb ./Drivers/STM32F1xx_HAL_Driver/Src/stm32f1xx_hal.o
 .debug_abbrev  0x000000000000099a      0x210 ./Drivers/STM32F1xx_HAL_Driver/Src/stm32f1xx_hal_adc.o
 .debug_abbrev  0x0000000000000baa      0x2ed ./Drivers/STM32F1xx_HAL_Driver/Src/stm32f1xx_hal_cortex.o
 .debug_abbrev  0x0000000000000e97      0x1bb ./Drivers/STM32F1xx_HAL_Driver/Src/stm32f1xx_hal_gpio.o
 .debug_abbrev  0x0000000000001052       0xc9 ./Drivers/STM32F1xx_HAL_Driver/Src/stm32f1xx_hal_gpio_ex.o
 .debug_abbrev  0x000000000000111b      0x2a8 ./Drivers/STM32F1xx_HAL_Driver/Src/stm32f1xx_hal_rcc.o
 .debug_abbrev  0x00000000000013c3      0x182 ./Drivers/STM32F1xx_HAL_Driver/Src/stm32f1xx_hal_rcc_ex.o
 .debug_abbrev  0x0000000000001545      0x26e ./Drivers/STM32F1xx_HAL_Driver/Src/stm32f1xx_hal_spi.o
 .debug_abbrev  0x00000000000017b3      0x19a ./FATFS/App/fatfs.o
 .debug_abbrev  0x000000000000194d      0x13f ./FATFS/Target/user_diskio.o
 .debug_abbrev  0x0000000000001a8c      0x306 ./FATFS/Target/user_diskio_spi.o
 .debug_abbrev  0x0000000000001d92      0x178 ./Middlewares/Third_Party/FatFs/src/diskio.o
 .debug_abbrev  0x0000000000001f0a      0x2c5 ./Middlewares/Third_Party/FatFs/src/ff.o
 .debug_abbrev  0x00000000000021cf      0x196 ./Middlewares/Third_Party/FatFs/src/ff_gen_drv.o

.debug_aranges  0x0000000000000000      0xae0
 .debug_aranges
                0x0000000000000000       0x78 ./Core/Src/main.o
 .debug_aranges
                0x0000000000000078       0x40 ./Core/Src/stm32f1xx_hal_msp.o
 .debug_aranges
                0x00000000000000b8       0x60 ./Core/Src/stm32f1xx_it.o
 .debug_aranges
                0x0000000000000118       0x20 ./Core/Src/sysmem.o
 .debug_aranges
                0x0000000000000138       0x28 ./Core/Src/system_stm32f1xx.o
 .debug_aranges
                0x0000000000000160       0x28 ./Core/Startup/startup_stm32f103vbtx.o
 .debug_aranges
                0x0000000000000188       0xe0 ./Drivers/STM32F1xx_HAL_Driver/Src/stm32f1xx_hal.o
 .debug_aranges
                0x0000000000000268       0xf0 ./Drivers/STM32F1xx_HAL_Driver/Src/stm32f1xx_hal_adc.o
 .debug_aranges
                0x0000000000000358      0x100 ./Drivers/STM32F1xx_HAL_Driver/Src/stm32f1xx_hal_cortex.o
 .debug_aranges
                0x0000000000000458       0x58 ./Drivers/STM32F1xx_HAL_Driver/Src/stm32f1xx_hal_gpio.o
 .debug_aranges
                0x00000000000004b0       0x30 ./Drivers/STM32F1xx_HAL_Driver/Src/stm32f1xx_hal_gpio_ex.o
 .debug_aranges
                0x00000000000004e0       0x90 ./Drivers/STM32F1xx_HAL_Driver/Src/stm32f1xx_hal_rcc.o
 .debug_aranges
                0x0000000000000570       0x30 ./Drivers/STM32F1xx_HAL_Driver/Src/stm32f1xx_hal_rcc_ex.o
 .debug_aranges
                0x00000000000005a0      0x1d0 ./Drivers/STM32F1xx_HAL_Driver/Src/stm32f1xx_hal_spi.o
 .debug_aranges
                0x0000000000000770       0x28 ./FATFS/App/fatfs.o
 .debug_aranges
                0x0000000000000798       0x40 ./FATFS/Target/user_diskio.o
 .debug_aranges
                0x00000000000007d8       0x98 ./FATFS/Target/user_diskio_spi.o
 .debug_aranges
                0x0000000000000870       0x48 ./Middlewares/Third_Party/FatFs/src/diskio.o
 .debug_aranges
                0x00000000000008b8      0x1e8 ./Middlewares/Third_Party/FatFs/src/ff.o
 .debug_aranges
                0x0000000000000aa0       0x40 ./Middlewares/Third_Party/FatFs/src/ff_gen_drv.o

.debug_ranges   0x0000000000000000      0x9a8
 .debug_ranges  0x0000000000000000       0x68 ./Core/Src/main.o
 .debug_ranges  0x0000000000000068       0x30 ./Core/Src/stm32f1xx_hal_msp.o
 .debug_ranges  0x0000000000000098       0x50 ./Core/Src/stm32f1xx_it.o
 .debug_ranges  0x00000000000000e8       0x10 ./Core/Src/sysmem.o
 .debug_ranges  0x00000000000000f8       0x18 ./Core/Src/system_stm32f1xx.o
 .debug_ranges  0x0000000000000110       0x20 ./Core/Startup/startup_stm32f103vbtx.o
 .debug_ranges  0x0000000000000130       0xd0 ./Drivers/STM32F1xx_HAL_Driver/Src/stm32f1xx_hal.o
 .debug_ranges  0x0000000000000200       0xe0 ./Drivers/STM32F1xx_HAL_Driver/Src/stm32f1xx_hal_adc.o
 .debug_ranges  0x00000000000002e0       0xf0 ./Drivers/STM32F1xx_HAL_Driver/Src/stm32f1xx_hal_cortex.o
 .debug_ranges  0x00000000000003d0       0x48 ./Drivers/STM32F1xx_HAL_Driver/Src/stm32f1xx_hal_gpio.o
 .debug_ranges  0x0000000000000418       0x20 ./Drivers/STM32F1xx_HAL_Driver/Src/stm32f1xx_hal_gpio_ex.o
 .debug_ranges  0x0000000000000438       0x80 ./Drivers/STM32F1xx_HAL_Driver/Src/stm32f1xx_hal_rcc.o
 .debug_ranges  0x00000000000004b8       0x20 ./Drivers/STM32F1xx_HAL_Driver/Src/stm32f1xx_hal_rcc_ex.o
 .debug_ranges  0x00000000000004d8      0x1c0 ./Drivers/STM32F1xx_HAL_Driver/Src/stm32f1xx_hal_spi.o
 .debug_ranges  0x0000000000000698       0x18 ./FATFS/App/fatfs.o
 .debug_ranges  0x00000000000006b0       0x30 ./FATFS/Target/user_diskio.o
 .debug_ranges  0x00000000000006e0       0x88 ./FATFS/Target/user_diskio_spi.o
 .debug_ranges  0x0000000000000768       0x38 ./Middlewares/Third_Party/FatFs/src/diskio.o
 .debug_ranges  0x00000000000007a0      0x1d8 ./Middlewares/Third_Party/FatFs/src/ff.o
 .debug_ranges  0x0000000000000978       0x30 ./Middlewares/Third_Party/FatFs/src/ff_gen_drv.o

.debug_macro    0x0000000000000000    0x18d32
 .debug_macro   0x0000000000000000      0x396 ./Core/Src/main.o
 .debug_macro   0x0000000000000396      0xa6c ./Core/Src/main.o
 .debug_macro   0x0000000000000e02      0x21b ./Core/Src/main.o
 .debug_macro   0x000000000000101d       0x2e ./Core/Src/main.o
 .debug_macro   0x000000000000104b       0x22 ./Core/Src/main.o
 .debug_macro   0x000000000000106d       0x22 ./Core/Src/main.o
 .debug_macro   0x000000000000108f       0x8e ./Core/Src/main.o
 .debug_macro   0x000000000000111d       0x51 ./Core/Src/main.o
 .debug_macro   0x000000000000116e      0x103 ./Core/Src/main.o
 .debug_macro   0x0000000000001271       0x6a ./Core/Src/main.o
 .debug_macro   0x00000000000012db      0x1df ./Core/Src/main.o
 .debug_macro   0x00000000000014ba       0x1c ./Core/Src/main.o
 .debug_macro   0x00000000000014d6       0x22 ./Core/Src/main.o
 .debug_macro   0x00000000000014f8       0xbd ./Core/Src/main.o
 .debug_macro   0x00000000000015b5      0xd23 ./Core/Src/main.o
 .debug_macro   0x00000000000022d8     0xe09e ./Core/Src/main.o
 .debug_macro   0x0000000000010376       0x6d ./Core/Src/main.o
 .debug_macro   0x00000000000103e3     0x3468 ./Core/Src/main.o
 .debug_macro   0x000000000001384b      0x174 ./Core/Src/main.o
 .debug_macro   0x00000000000139bf       0x5c ./Core/Src/main.o
 .debug_macro   0x0000000000013a1b      0x5be ./Core/Src/main.o
 .debug_macro   0x0000000000013fd9      0x289 ./Core/Src/main.o
 .debug_macro   0x0000000000014262      0x1cb ./Core/Src/main.o
 .debug_macro   0x000000000001442d      0x114 ./Core/Src/main.o
 .debug_macro   0x0000000000014541      0x1b2 ./Core/Src/main.o
 .debug_macro   0x00000000000146f3       0x27 ./Core/Src/main.o
 .debug_macro   0x000000000001471a      0x136 ./Core/Src/main.o
 .debug_macro   0x0000000000014850      0x1bc ./Core/Src/main.o
 .debug_macro   0x0000000000014a0c       0x34 ./Core/Src/main.o
 .debug_macro   0x0000000000014a40       0x3c ./Core/Src/main.o
 .debug_macro   0x0000000000014a7c       0x57 ./Core/Src/main.o
 .debug_macro   0x0000000000014ad3      0x46a ./Core/Src/main.o
 .debug_macro   0x0000000000014f3d      0x1b5 ./Core/Src/main.o
 .debug_macro   0x00000000000150f2       0x88 ./Core/Src/main.o
 .debug_macro   0x000000000001517a      0x241 ./Core/Src/main.o
 .debug_macro   0x00000000000153bb      0x141 ./Core/Src/main.o
 .debug_macro   0x00000000000154fc      0x217 ./Core/Src/main.o
 .debug_macro   0x0000000000015713       0x83 ./Core/Src/main.o
 .debug_macro   0x0000000000015796       0x16 ./Core/Src/main.o
 .debug_macro   0x00000000000157ac       0xde ./Core/Src/main.o
 .debug_macro   0x000000000001588a       0xf5 ./Core/Src/main.o
 .debug_macro   0x000000000001597f       0x8e ./Core/Src/main.o
 .debug_macro   0x0000000000015a0d       0x52 ./Core/Src/main.o
 .debug_macro   0x0000000000015a5f       0x18 ./Core/Src/main.o
 .debug_macro   0x0000000000015a77       0x3c ./Core/Src/main.o
 .debug_macro   0x0000000000015ab3       0x34 ./Core/Src/main.o
 .debug_macro   0x0000000000015ae7       0x16 ./Core/Src/main.o
 .debug_macro   0x0000000000015afd       0x35 ./Core/Src/main.o
 .debug_macro   0x0000000000015b32      0x341 ./Core/Src/main.o
 .debug_macro   0x0000000000015e73       0x10 ./Core/Src/main.o
 .debug_macro   0x0000000000015e83       0x16 ./Core/Src/main.o
 .debug_macro   0x0000000000015e99       0x43 ./Core/Src/main.o
 .debug_macro   0x0000000000015edc       0x34 ./Core/Src/main.o
 .debug_macro   0x0000000000015f10       0x10 ./Core/Src/main.o
 .debug_macro   0x0000000000015f20       0x58 ./Core/Src/main.o
 .debug_macro   0x0000000000015f78       0x71 ./Core/Src/main.o
 .debug_macro   0x0000000000015fe9       0x1c ./Core/Src/main.o
 .debug_macro   0x0000000000016005      0x12a ./Core/Src/main.o
 .debug_macro   0x000000000001612f       0x10 ./Core/Src/main.o
 .debug_macro   0x000000000001613f       0x1c ./Core/Src/main.o
 .debug_macro   0x000000000001615b       0x52 ./Core/Src/main.o
 .debug_macro   0x00000000000161ad       0x22 ./Core/Src/main.o
 .debug_macro   0x00000000000161cf       0x10 ./Core/Src/main.o
 .debug_macro   0x00000000000161df       0x52 ./Core/Src/main.o
 .debug_macro   0x0000000000016231       0xd5 ./Core/Src/main.o
 .debug_macro   0x0000000000016306       0x1c ./Core/Src/main.o
 .debug_macro   0x0000000000016322       0x3d ./Core/Src/main.o
 .debug_macro   0x000000000001635f       0x16 ./Core/Src/main.o
 .debug_macro   0x0000000000016375      0x145 ./Core/Src/main.o
 .debug_macro   0x00000000000164ba       0x16 ./Core/Src/main.o
 .debug_macro   0x00000000000164d0       0x20 ./Core/Src/main.o
 .debug_macro   0x00000000000164f0       0x4c ./Core/Src/main.o
 .debug_macro   0x000000000001653c      0x1b1 ./Core/Src/stm32f1xx_hal_msp.o
 .debug_macro   0x00000000000166ed      0x1bb ./Core/Src/stm32f1xx_it.o
 .debug_macro   0x00000000000168a8       0xff ./Core/Src/sysmem.o
 .debug_macro   0x00000000000169a7      0x23b ./Core/Src/sysmem.o
 .debug_macro   0x0000000000016be2      0x1a2 ./Core/Src/system_stm32f1xx.o
 .debug_macro   0x0000000000016d84      0x1c6 ./Drivers/STM32F1xx_HAL_Driver/Src/stm32f1xx_hal.o
 .debug_macro   0x0000000000016f4a      0x1bf ./Drivers/STM32F1xx_HAL_Driver/Src/stm32f1xx_hal_adc.o
 .debug_macro   0x0000000000017109      0x1a2 ./Drivers/STM32F1xx_HAL_Driver/Src/stm32f1xx_hal_cortex.o
 .debug_macro   0x00000000000172ab      0x20d ./Drivers/STM32F1xx_HAL_Driver/Src/stm32f1xx_hal_gpio.o
 .debug_macro   0x00000000000174b8      0x1a2 ./Drivers/STM32F1xx_HAL_Driver/Src/stm32f1xx_hal_gpio_ex.o
 .debug_macro   0x000000000001765a      0x1b4 ./Drivers/STM32F1xx_HAL_Driver/Src/stm32f1xx_hal_rcc.o
 .debug_macro   0x000000000001780e      0x1a2 ./Drivers/STM32F1xx_HAL_Driver/Src/stm32f1xx_hal_rcc_ex.o
 .debug_macro   0x00000000000179b0      0x1aa ./Drivers/STM32F1xx_HAL_Driver/Src/stm32f1xx_hal_spi.o
 .debug_macro   0x0000000000017b5a      0x204 ./FATFS/App/fatfs.o
 .debug_macro   0x0000000000017d5e       0xd8 ./FATFS/App/fatfs.o
 .debug_macro   0x0000000000017e36      0x2cb ./FATFS/Target/user_diskio.o
 .debug_macro   0x0000000000018101       0x10 ./FATFS/Target/user_diskio.o
 .debug_macro   0x0000000000018111       0x16 ./FATFS/Target/user_diskio.o
 .debug_macro   0x0000000000018127       0x7c ./FATFS/Target/user_diskio.o
 .debug_macro   0x00000000000181a3       0x56 ./FATFS/Target/user_diskio.o
 .debug_macro   0x00000000000181f9      0x2ab ./FATFS/Target/user_diskio_spi.o
 .debug_macro   0x00000000000184a4       0x1c ./FATFS/Target/user_diskio_spi.o
 .debug_macro   0x00000000000184c0      0x1f1 ./Middlewares/Third_Party/FatFs/src/diskio.o
 .debug_macro   0x00000000000186b1      0x438 ./Middlewares/Third_Party/FatFs/src/ff.o
 .debug_macro   0x0000000000018ae9       0x58 ./Middlewares/Third_Party/FatFs/src/ff.o
 .debug_macro   0x0000000000018b41      0x1f1 ./Middlewares/Third_Party/FatFs/src/ff_gen_drv.o

.debug_line     0x0000000000000000     0xe802
 .debug_line    0x0000000000000000      0xc5b ./Core/Src/main.o
 .debug_line    0x0000000000000c5b      0x70a ./Core/Src/stm32f1xx_hal_msp.o
 .debug_line    0x0000000000001365      0x733 ./Core/Src/stm32f1xx_it.o
 .debug_line    0x0000000000001a98      0x4ea ./Core/Src/sysmem.o
 .debug_line    0x0000000000001f82      0x6ef ./Core/Src/system_stm32f1xx.o
 .debug_line    0x0000000000002671       0x87 ./Core/Startup/startup_stm32f103vbtx.o
 .debug_line    0x00000000000026f8      0x91c ./Drivers/STM32F1xx_HAL_Driver/Src/stm32f1xx_hal.o
 .debug_line    0x0000000000003014      0xf93 ./Drivers/STM32F1xx_HAL_Driver/Src/stm32f1xx_hal_adc.o
 .debug_line    0x0000000000003fa7      0xb04 ./Drivers/STM32F1xx_HAL_Driver/Src/stm32f1xx_hal_cortex.o
 .debug_line    0x0000000000004aab      0x9b3 ./Drivers/STM32F1xx_HAL_Driver/Src/stm32f1xx_hal_gpio.o
 .debug_line    0x000000000000545e      0x6b2 ./Drivers/STM32F1xx_HAL_Driver/Src/stm32f1xx_hal_gpio_ex.o
 .debug_line    0x0000000000005b10      0xd2a ./Drivers/STM32F1xx_HAL_Driver/Src/stm32f1xx_hal_rcc.o
 .debug_line    0x000000000000683a      0x868 ./Drivers/STM32F1xx_HAL_Driver/Src/stm32f1xx_hal_rcc_ex.o
 .debug_line    0x00000000000070a2     0x1ba1 ./Drivers/STM32F1xx_HAL_Driver/Src/stm32f1xx_hal_spi.o
 .debug_line    0x0000000000008c43      0x70c ./FATFS/App/fatfs.o
 .debug_line    0x000000000000934f      0x8a2 ./FATFS/Target/user_diskio.o
 .debug_line    0x0000000000009bf1      0xddf ./FATFS/Target/user_diskio_spi.o
 .debug_line    0x000000000000a9d0      0x77d ./Middlewares/Third_Party/FatFs/src/diskio.o
 .debug_line    0x000000000000b14d     0x2f1b ./Middlewares/Third_Party/FatFs/src/ff.o
 .debug_line    0x000000000000e068      0x79a ./Middlewares/Third_Party/FatFs/src/ff_gen_drv.o

.debug_str      0x0000000000000000    0x886d3
 .debug_str     0x0000000000000000    0x8571d ./Core/Src/main.o
                                      0x85b76 (size before relaxing)
 .debug_str     0x000000000008571d       0xb8 ./Core/Src/stm32f1xx_hal_msp.o
                                      0x80ecc (size before relaxing)
 .debug_str     0x00000000000857d5       0xc9 ./Core/Src/stm32f1xx_it.o
                                      0x80932 (size before relaxing)
 .debug_str     0x000000000008589e      0x4da ./Core/Src/sysmem.o
                                       0x5d64 (size before relaxing)
 .debug_str     0x0000000000085d78       0x7e ./Core/Src/system_stm32f1xx.o
                                      0x80908 (size before relaxing)
 .debug_str     0x0000000000085df6       0x36 ./Core/Startup/startup_stm32f103vbtx.o
                                         0x7e (size before relaxing)
 .debug_str     0x0000000000085e2c      0x5fd ./Drivers/STM32F1xx_HAL_Driver/Src/stm32f1xx_hal.o
                                      0x8103b (size before relaxing)
 .debug_str     0x0000000000086429      0x357 ./Drivers/STM32F1xx_HAL_Driver/Src/stm32f1xx_hal_adc.o
                                      0x80fe5 (size before relaxing)
 .debug_str     0x0000000000086780      0x2bb ./Drivers/STM32F1xx_HAL_Driver/Src/stm32f1xx_hal_cortex.o
                                      0x80f87 (size before relaxing)
 .debug_str     0x0000000000086a3b      0x2d3 ./Drivers/STM32F1xx_HAL_Driver/Src/stm32f1xx_hal_gpio.o
                                      0x80c8e (size before relaxing)
 .debug_str     0x0000000000086d0e       0x76 ./Drivers/STM32F1xx_HAL_Driver/Src/stm32f1xx_hal_gpio_ex.o
                                      0x8090b (size before relaxing)
 .debug_str     0x0000000000086d84      0x229 ./Drivers/STM32F1xx_HAL_Driver/Src/stm32f1xx_hal_rcc.o
                                      0x80d37 (size before relaxing)
 .debug_str     0x0000000000086fad       0x84 ./Drivers/STM32F1xx_HAL_Driver/Src/stm32f1xx_hal_rcc_ex.o
                                      0x80a87 (size before relaxing)
 .debug_str     0x0000000000087031      0x547 ./Drivers/STM32F1xx_HAL_Driver/Src/stm32f1xx_hal_spi.o
                                      0x81234 (size before relaxing)
 .debug_str     0x0000000000087578       0xf1 ./FATFS/App/fatfs.o
                                      0x811d4 (size before relaxing)
 .debug_str     0x0000000000087669       0xcf ./FATFS/Target/user_diskio.o
                                      0x83f73 (size before relaxing)
 .debug_str     0x0000000000087738      0x3b7 ./FATFS/Target/user_diskio_spi.o
                                      0x81909 (size before relaxing)
 .debug_str     0x0000000000087aef       0x52 ./Middlewares/Third_Party/FatFs/src/diskio.o
                                      0x81100 (size before relaxing)
 .debug_str     0x0000000000087b41      0xb01 ./Middlewares/Third_Party/FatFs/src/ff.o
                                      0x81f2b (size before relaxing)
 .debug_str     0x0000000000088642       0x91 ./Middlewares/Third_Party/FatFs/src/ff_gen_drv.o
                                      0x81151 (size before relaxing)

.comment        0x0000000000000000       0x50
 .comment       0x0000000000000000       0x50 ./Core/Src/main.o
                                         0x51 (size before relaxing)
 .comment       0x0000000000000050       0x51 ./Core/Src/stm32f1xx_hal_msp.o
 .comment       0x0000000000000050       0x51 ./Core/Src/stm32f1xx_it.o
 .comment       0x0000000000000050       0x51 ./Core/Src/sysmem.o
 .comment       0x0000000000000050       0x51 ./Core/Src/system_stm32f1xx.o
 .comment       0x0000000000000050       0x51 ./Drivers/STM32F1xx_HAL_Driver/Src/stm32f1xx_hal.o
 .comment       0x0000000000000050       0x51 ./Drivers/STM32F1xx_HAL_Driver/Src/stm32f1xx_hal_adc.o
 .comment       0x0000000000000050       0x51 ./Drivers/STM32F1xx_HAL_Driver/Src/stm32f1xx_hal_cortex.o
 .comment       0x0000000000000050       0x51 ./Drivers/STM32F1xx_HAL_Driver/Src/stm32f1xx_hal_gpio.o
 .comment       0x0000000000000050       0x51 ./Drivers/STM32F1xx_HAL_Driver/Src/stm32f1xx_hal_gpio_ex.o
 .comment       0x0000000000000050       0x51 ./Drivers/STM32F1xx_HAL_Driver/Src/stm32f1xx_hal_rcc.o
 .comment       0x0000000000000050       0x51 ./Drivers/STM32F1xx_HAL_Driver/Src/stm32f1xx_hal_rcc_ex.o
 .comment       0x0000000000000050       0x51 ./Drivers/STM32F1xx_HAL_Driver/Src/stm32f1xx_hal_spi.o
 .comment       0x0000000000000050       0x51 ./FATFS/App/fatfs.o
 .comment       0x0000000000000050       0x51 ./FATFS/Target/user_diskio.o
 .comment       0x0000000000000050       0x51 ./FATFS/Target/user_diskio_spi.o
 .comment       0x0000000000000050       0x51 ./Middlewares/Third_Party/FatFs/src/diskio.o
 .comment       0x0000000000000050       0x51 ./Middlewares/Third_Party/FatFs/src/ff.o
 .comment       0x0000000000000050       0x51 ./Middlewares/Third_Party/FatFs/src/ff_gen_drv.o

.debug_frame    0x0000000000000000     0x2f6c
 .debug_frame   0x0000000000000000      0x1cc ./Core/Src/main.o
 .debug_frame   0x00000000000001cc       0xc8 ./Core/Src/stm32f1xx_hal_msp.o
 .debug_frame   0x0000000000000294      0x104 ./Core/Src/stm32f1xx_it.o
 .debug_frame   0x0000000000000398       0x34 ./Core/Src/sysmem.o
 .debug_frame   0x00000000000003cc       0x58 ./Core/Src/system_stm32f1xx.o
 .debug_frame   0x0000000000000424      0x334 ./Drivers/STM32F1xx_HAL_Driver/Src/stm32f1xx_hal.o
 .debug_frame   0x0000000000000758      0x40c ./Drivers/STM32F1xx_HAL_Driver/Src/stm32f1xx_hal_adc.o
 .debug_frame   0x0000000000000b64      0x428 ./Drivers/STM32F1xx_HAL_Driver/Src/stm32f1xx_hal_cortex.o
 .debug_frame   0x0000000000000f8c      0x14c ./Drivers/STM32F1xx_HAL_Driver/Src/stm32f1xx_hal_gpio.o
 .debug_frame   0x00000000000010d8       0x78 ./Drivers/STM32F1xx_HAL_Driver/Src/stm32f1xx_hal_gpio_ex.o
 .debug_frame   0x0000000000001150      0x21c ./Drivers/STM32F1xx_HAL_Driver/Src/stm32f1xx_hal_rcc.o
 .debug_frame   0x000000000000136c       0x84 ./Drivers/STM32F1xx_HAL_Driver/Src/stm32f1xx_hal_rcc_ex.o
 .debug_frame   0x00000000000013f0      0x824 ./Drivers/STM32F1xx_HAL_Driver/Src/stm32f1xx_hal_spi.o
 .debug_frame   0x0000000000001c14       0x4c ./FATFS/App/fatfs.o
 .debug_frame   0x0000000000001c60       0xc4 ./FATFS/Target/user_diskio.o
 .debug_frame   0x0000000000001d24      0x248 ./FATFS/Target/user_diskio_spi.o
 .debug_frame   0x0000000000001f6c       0xec ./Middlewares/Third_Party/FatFs/src/diskio.o
 .debug_frame   0x0000000000002058      0x8d0 ./Middlewares/Third_Party/FatFs/src/ff.o
 .debug_frame   0x0000000000002928       0xc8 ./Middlewares/Third_Party/FatFs/src/ff_gen_drv.o
 .debug_frame   0x00000000000029f0       0x20 c:/st/stm32cubeide_1.10.1/stm32cubeide/plugins/com.st.stm32cube.ide.mcu.externaltools.gnu-tools-for-stm32.10.3-2021.10.win32_1.0.0.202111181127/tools/bin/../lib/gcc/arm-none-eabi/10.3.1/../../../../arm-none-eabi/lib/thumb/v7-m/nofp\libc_nano.a(lib_a-errno.o)
 .debug_frame   0x0000000000002a10       0x2c c:/st/stm32cubeide_1.10.1/stm32cubeide/plugins/com.st.stm32cube.ide.mcu.externaltools.gnu-tools-for-stm32.10.3-2021.10.win32_1.0.0.202111181127/tools/bin/../lib/gcc/arm-none-eabi/10.3.1/../../../../arm-none-eabi/lib/thumb/v7-m/nofp\libc_nano.a(lib_a-init.o)
 .debug_frame   0x0000000000002a3c       0x20 c:/st/stm32cubeide_1.10.1/stm32cubeide/plugins/com.st.stm32cube.ide.mcu.externaltools.gnu-tools-for-stm32.10.3-2021.10.win32_1.0.0.202111181127/tools/bin/../lib/gcc/arm-none-eabi/10.3.1/../../../../arm-none-eabi/lib/thumb/v7-m/nofp\libc_nano.a(lib_a-memset.o)
 .debug_frame   0x0000000000002a5c       0x6c c:/st/stm32cubeide_1.10.1/stm32cubeide/plugins/com.st.stm32cube.ide.mcu.externaltools.gnu-tools-for-stm32.10.3-2021.10.win32_1.0.0.202111181127/tools/bin/../lib/gcc/arm-none-eabi/10.3.1/../../../../arm-none-eabi/lib/thumb/v7-m/nofp\libc_nano.a(lib_a-sprintf.o)
 .debug_frame   0x0000000000002ac8       0x4c c:/st/stm32cubeide_1.10.1/stm32cubeide/plugins/com.st.stm32cube.ide.mcu.externaltools.gnu-tools-for-stm32.10.3-2021.10.win32_1.0.0.202111181127/tools/bin/../lib/gcc/arm-none-eabi/10.3.1/../../../../arm-none-eabi/lib/thumb/v7-m/nofp\libc_nano.a(lib_a-vsnprintf.o)
 .debug_frame   0x0000000000002b14       0x90 c:/st/stm32cubeide_1.10.1/stm32cubeide/plugins/com.st.stm32cube.ide.mcu.externaltools.gnu-tools-for-stm32.10.3-2021.10.win32_1.0.0.202111181127/tools/bin/../lib/gcc/arm-none-eabi/10.3.1/../../../../arm-none-eabi/lib/thumb/v7-m/nofp\libc_nano.a(lib_a-nano-svfprintf.o)
 .debug_frame   0x0000000000002ba4       0x60 c:/st/stm32cubeide_1.10.1/stm32cubeide/plugins/com.st.stm32cube.ide.mcu.externaltools.gnu-tools-for-stm32.10.3-2021.10.win32_1.0.0.202111181127/tools/bin/../lib/gcc/arm-none-eabi/10.3.1/../../../../arm-none-eabi/lib/thumb/v7-m/nofp\libc_nano.a(lib_a-nano-vfprintf_i.o)
 .debug_frame   0x0000000000002c04       0x28 c:/st/stm32cubeide_1.10.1/stm32cubeide/plugins/com.st.stm32cube.ide.mcu.externaltools.gnu-tools-for-stm32.10.3-2021.10.win32_1.0.0.202111181127/tools/bin/../lib/gcc/arm-none-eabi/10.3.1/../../../../arm-none-eabi/lib/thumb/v7-m/nofp\libc_nano.a(lib_a-memchr-stub.o)
 .debug_frame   0x0000000000002c2c       0x28 c:/st/stm32cubeide_1.10.1/stm32cubeide/plugins/com.st.stm32cube.ide.mcu.externaltools.gnu-tools-for-stm32.10.3-2021.10.win32_1.0.0.202111181127/tools/bin/../lib/gcc/arm-none-eabi/10.3.1/../../../../arm-none-eabi/lib/thumb/v7-m/nofp\libc_nano.a(lib_a-memcpy-stub.o)
 .debug_frame   0x0000000000002c54       0x28 c:/st/stm32cubeide_1.10.1/stm32cubeide/plugins/com.st.stm32cube.ide.mcu.externaltools.gnu-tools-for-stm32.10.3-2021.10.win32_1.0.0.202111181127/tools/bin/../lib/gcc/arm-none-eabi/10.3.1/../../../../arm-none-eabi/lib/thumb/v7-m/nofp\libc_nano.a(lib_a-memmove.o)
 .debug_frame   0x0000000000002c7c       0x38 c:/st/stm32cubeide_1.10.1/stm32cubeide/plugins/com.st.stm32cube.ide.mcu.externaltools.gnu-tools-for-stm32.10.3-2021.10.win32_1.0.0.202111181127/tools/bin/../lib/gcc/arm-none-eabi/10.3.1/../../../../arm-none-eabi/lib/thumb/v7-m/nofp\libc_nano.a(lib_a-nano-freer.o)
 .debug_frame   0x0000000000002cb4       0x4c c:/st/stm32cubeide_1.10.1/stm32cubeide/plugins/com.st.stm32cube.ide.mcu.externaltools.gnu-tools-for-stm32.10.3-2021.10.win32_1.0.0.202111181127/tools/bin/../lib/gcc/arm-none-eabi/10.3.1/../../../../arm-none-eabi/lib/thumb/v7-m/nofp\libc_nano.a(lib_a-nano-mallocr.o)
 .debug_frame   0x0000000000002d00       0x3c c:/st/stm32cubeide_1.10.1/stm32cubeide/plugins/com.st.stm32cube.ide.mcu.externaltools.gnu-tools-for-stm32.10.3-2021.10.win32_1.0.0.202111181127/tools/bin/../lib/gcc/arm-none-eabi/10.3.1/../../../../arm-none-eabi/lib/thumb/v7-m/nofp\libc_nano.a(lib_a-nano-reallocr.o)
 .debug_frame   0x0000000000002d3c       0x2c c:/st/stm32cubeide_1.10.1/stm32cubeide/plugins/com.st.stm32cube.ide.mcu.externaltools.gnu-tools-for-stm32.10.3-2021.10.win32_1.0.0.202111181127/tools/bin/../lib/gcc/arm-none-eabi/10.3.1/../../../../arm-none-eabi/lib/thumb/v7-m/nofp\libc_nano.a(lib_a-sbrkr.o)
 .debug_frame   0x0000000000002d68       0x30 c:/st/stm32cubeide_1.10.1/stm32cubeide/plugins/com.st.stm32cube.ide.mcu.externaltools.gnu-tools-for-stm32.10.3-2021.10.win32_1.0.0.202111181127/tools/bin/../lib/gcc/arm-none-eabi/10.3.1/../../../../arm-none-eabi/lib/thumb/v7-m/nofp\libc_nano.a(lib_a-mlock.o)
 .debug_frame   0x0000000000002d98       0x20 c:/st/stm32cubeide_1.10.1/stm32cubeide/plugins/com.st.stm32cube.ide.mcu.externaltools.gnu-tools-for-stm32.10.3-2021.10.win32_1.0.0.202111181127/tools/bin/../lib/gcc/arm-none-eabi/10.3.1/../../../../arm-none-eabi/lib/thumb/v7-m/nofp\libc_nano.a(lib_a-nano-msizer.o)
 .debug_frame   0x0000000000002db8       0x5c c:/st/stm32cubeide_1.10.1/stm32cubeide/plugins/com.st.stm32cube.ide.mcu.externaltools.gnu-tools-for-stm32.10.3-2021.10.win32_1.0.0.202111181127/tools/bin/../lib/gcc/arm-none-eabi/10.3.1/../../../../arm-none-eabi/lib/thumb/v7-m/nofp\libc_nano.a(lib_a-reent.o)
 .debug_frame   0x0000000000002e14       0xb0 c:/st/stm32cubeide_1.10.1/stm32cubeide/plugins/com.st.stm32cube.ide.mcu.externaltools.gnu-tools-for-stm32.10.3-2021.10.win32_1.0.0.202111181127/tools/bin/../lib/gcc/arm-none-eabi/10.3.1/../../../../arm-none-eabi/lib/thumb/v7-m/nofp\libc_nano.a(lib_a-lock.o)
 .debug_frame   0x0000000000002ec4       0x4c c:/st/stm32cubeide_1.10.1/stm32cubeide/plugins/com.st.stm32cube.ide.mcu.externaltools.gnu-tools-for-stm32.10.3-2021.10.win32_1.0.0.202111181127/tools/bin/../lib/gcc/arm-none-eabi/10.3.1/thumb/v7-m/nofp\libgcc.a(_arm_addsubsf3.o)
 .debug_frame   0x0000000000002f10       0x38 c:/st/stm32cubeide_1.10.1/stm32cubeide/plugins/com.st.stm32cube.ide.mcu.externaltools.gnu-tools-for-stm32.10.3-2021.10.win32_1.0.0.202111181127/tools/bin/../lib/gcc/arm-none-eabi/10.3.1/thumb/v7-m/nofp\libgcc.a(_arm_muldivsf3.o)