../Core/Src/main.c:78:5:main	1296	static
../Core/Src/main.c:252:6:SystemClock_Config	88	static
../Core/Src/main.c:296:13:MX_ADC1_Init	24	static
../Core/Src/main.c:370:13:MX_SPI2_Init	8	static
../Core/Src/main.c:408:13:MX_GPIO_Init	40	static
../Core/Src/main.c:465:7:MAP	32	static
../Core/Src/main.c:470:13:select_ch10	24	static
../Core/Src/main.c:482:13:select_ch11	24	static
../Core/Src/main.c:492:13:select_ch12	24	static
../Core/Src/main.c:504:13:select_ch13	24	static
../Core/Src/main.c:518:6:myprintf	16	static
../Core/Src/main.c:535:6:Error_Handler	8	static,ignoring_inline_asm
